@!@!@STARTMSG 2262:0 @!@!@
TLC2 Version 2.20 of Day Month 20?? (rev: 96056d9)
@!@!@ENDMSG 2262 @!@!@
@!@!@STARTMSG 2187:0 @!@!@
Running breadth-first search Model-Checking with fp 63 and seed 6091292209195158374 with 4 workers on 8 cores with 1214MB heap and 2730MB offheap memory [pid: 66586] (Mac OS X 10.16 x86_64, AdoptOpenJDK 14.0.1 x86_64, OffHeapDiskFPSet, DiskStateQueue).
@!@!@ENDMSG 2187 @!@!@
@!@!@STARTMSG 2220:0 @!@!@
Starting SANY...
@!@!@ENDMSG 2220 @!@!@
Parsing file /Users/dinu/rp/rp/spec/scheduler.toolbox/Model_1/MC.tla
Parsing file /Users/dinu/rp/rp/spec/scheduler.toolbox/Model_1/scheduler.tla
Warning: symbols were renamed.
Parsing file /private/var/folders/y7/381l32yj70gc7txzlnr5dy4h0000gp/T/AppTranslocation/9761A38E-3102-4A26-99C6-0E3EF026D22B/d/TLA+ Toolbox.app/Contents/Eclipse/plugins/org.lamport.tlatools_1.0.0.202505200356/tla2sany/StandardModules/TLC.tla
Parsing file /private/var/folders/y7/381l32yj70gc7txzlnr5dy4h0000gp/T/AppTranslocation/9761A38E-3102-4A26-99C6-0E3EF026D22B/d/TLA+ Toolbox.app/Contents/Eclipse/plugins/org.lamport.tlatools_1.0.0.202505200356/tla2sany/StandardModules/Naturals.tla
Parsing file /private/var/folders/y7/381l32yj70gc7txzlnr5dy4h0000gp/T/AppTranslocation/9761A38E-3102-4A26-99C6-0E3EF026D22B/d/TLA+ Toolbox.app/Contents/Eclipse/plugins/org.lamport.tlatools_1.0.0.202505200356/tla2sany/StandardModules/Integers.tla
Parsing file /private/var/folders/y7/381l32yj70gc7txzlnr5dy4h0000gp/T/AppTranslocation/9761A38E-3102-4A26-99C6-0E3EF026D22B/d/TLA+ Toolbox.app/Contents/Eclipse/plugins/org.lamport.tlatools_1.0.0.202505200356/tla2sany/StandardModules/Sequences.tla
Parsing file /private/var/folders/y7/381l32yj70gc7txzlnr5dy4h0000gp/T/AppTranslocation/9761A38E-3102-4A26-99C6-0E3EF026D22B/d/TLA+ Toolbox.app/Contents/Eclipse/plugins/org.lamport.tlatools_1.0.0.202505200356/tla2sany/StandardModules/FiniteSets.tla
Semantic processing of module Naturals
Semantic processing of module Integers
Semantic processing of module Sequences
Semantic processing of module FiniteSets
Semantic processing of module TLC
Semantic processing of module scheduler
Semantic processing of module MC
@!@!@STARTMSG 2219:0 @!@!@
SANY finished.
@!@!@ENDMSG 2219 @!@!@
@!@!@STARTMSG 2185:0 @!@!@
Starting... (2025-06-19 14:49:44)
@!@!@ENDMSG 2185 @!@!@
@!@!@STARTMSG 2189:0 @!@!@
Computing initial states...
@!@!@ENDMSG 2189 @!@!@
@!@!@STARTMSG 2190:0 @!@!@
Finished computing initial states: 1 distinct state generated at 2025-06-19 14:49:45.
@!@!@ENDMSG 2190 @!@!@
@!@!@STARTMSG 2200:0 @!@!@
Progress(27) at 2025-06-19 14:49:48: 141,996 states generated (141,996 s/min), 27,742 distinct states found (27,742 ds/min), 2,615 states left on queue.
@!@!@ENDMSG 2200 @!@!@
@!@!@STARTMSG 2200:0 @!@!@
Progress(137) at 2025-06-19 14:50:48: 6,062,998 states generated (5,921,002 s/min), 1,215,356 distinct states found (1,187,614 ds/min), 49,521 states left on queue.
@!@!@ENDMSG 2200 @!@!@
@!@!@STARTMSG 2200:0 @!@!@
Progress(153) at 2025-06-19 14:51:48: 11,511,606 states generated (5,448,608 s/min), 2,402,352 distinct states found (1,186,996 ds/min), 99,236 states left on queue.
@!@!@ENDMSG 2200 @!@!@
@!@!@STARTMSG 2200:0 @!@!@
Progress(163) at 2025-06-19 14:52:48: 16,930,126 states generated (5,418,520 s/min), 3,610,374 distinct states found (1,208,022 ds/min), 139,585 states left on queue.
@!@!@ENDMSG 2200 @!@!@
@!@!@STARTMSG 2200:0 @!@!@
Progress(172) at 2025-06-19 14:53:48: 23,210,466 states generated (6,280,340 s/min), 5,029,684 distinct states found (1,419,310 ds/min), 178,164 states left on queue.
@!@!@ENDMSG 2200 @!@!@
@!@!@STARTMSG 2200:0 @!@!@
Progress(179) at 2025-06-19 14:54:48: 29,493,131 states generated (6,282,665 s/min), 6,474,265 distinct states found (1,444,581 ds/min), 215,623 states left on queue.
@!@!@ENDMSG 2200 @!@!@
@!@!@STARTMSG 2200:0 @!@!@
Progress(185) at 2025-06-19 14:55:48: 35,723,606 states generated (6,230,475 s/min), 7,913,594 distinct states found (1,439,329 ds/min), 251,554 states left on queue.
@!@!@ENDMSG 2200 @!@!@
@!@!@STARTMSG 2200:0 @!@!@
Progress(190) at 2025-06-19 14:56:48: 41,939,473 states generated (6,215,867 s/min), 9,348,484 distinct states found (1,434,890 ds/min), 285,638 states left on queue.
@!@!@ENDMSG 2200 @!@!@
@!@!@STARTMSG 2200:0 @!@!@
Progress(195) at 2025-06-19 14:57:48: 48,016,322 states generated (6,076,849 s/min), 10,778,660 distinct states found (1,430,176 ds/min), 321,438 states left on queue.
@!@!@ENDMSG 2200 @!@!@
@!@!@STARTMSG 2200:0 @!@!@
Progress(199) at 2025-06-19 14:58:48: 54,045,639 states generated (6,029,317 s/min), 12,205,986 distinct states found (1,427,326 ds/min), 352,939 states left on queue.
@!@!@ENDMSG 2200 @!@!@
@!@!@STARTMSG 2200:0 @!@!@
Progress(203) at 2025-06-19 14:59:48: 60,192,598 states generated (6,146,959 s/min), 13,669,538 distinct states found (1,463,552 ds/min), 384,907 states left on queue.
@!@!@ENDMSG 2200 @!@!@
@!@!@STARTMSG 2200:0 @!@!@
Progress(207) at 2025-06-19 15:00:48: 66,306,828 states generated (6,114,230 s/min), 15,115,851 distinct states found (1,446,313 ds/min), 417,255 states left on queue.
@!@!@ENDMSG 2200 @!@!@
@!@!@STARTMSG 2200:0 @!@!@
Progress(210) at 2025-06-19 15:01:48: 72,314,875 states generated (6,008,047 s/min), 16,581,704 distinct states found (1,465,853 ds/min), 444,078 states left on queue.
@!@!@ENDMSG 2200 @!@!@
@!@!@STARTMSG 2200:0 @!@!@
Progress(213) at 2025-06-19 15:02:48: 78,344,869 states generated (6,029,994 s/min), 18,037,774 distinct states found (1,456,070 ds/min), 469,191 states left on queue.
@!@!@ENDMSG 2200 @!@!@
@!@!@STARTMSG 2200:0 @!@!@
Progress(216) at 2025-06-19 15:03:48: 84,208,199 states generated (5,863,330 s/min), 19,458,544 distinct states found (1,420,770 ds/min), 497,522 states left on queue.
@!@!@ENDMSG 2200 @!@!@
@!@!@STARTMSG 2200:0 @!@!@
Progress(219) at 2025-06-19 15:04:48: 90,200,740 states generated (5,992,541 s/min), 20,901,526 distinct states found (1,442,982 ds/min), 524,334 states left on queue.
@!@!@ENDMSG 2200 @!@!@
@!@!@STARTMSG 2200:0 @!@!@
Progress(221) at 2025-06-19 15:05:48: 96,214,587 states generated (6,013,847 s/min), 22,342,176 distinct states found (1,440,650 ds/min), 544,950 states left on queue.
@!@!@ENDMSG 2200 @!@!@
@!@!@STARTMSG 2200:0 @!@!@
Progress(224) at 2025-06-19 15:06:48: 102,082,794 states generated (5,868,207 s/min), 23,801,978 distinct states found (1,459,802 ds/min), 563,483 states left on queue.
@!@!@ENDMSG 2200 @!@!@
@!@!@STARTMSG 2200:0 @!@!@
Progress(226) at 2025-06-19 15:07:48: 107,598,761 states generated (5,515,967 s/min), 25,125,921 distinct states found (1,323,943 ds/min), 582,088 states left on queue.
@!@!@ENDMSG 2200 @!@!@
@!@!@STARTMSG 2200:0 @!@!@
Progress(229) at 2025-06-19 15:08:48: 112,921,487 states generated (5,322,726 s/min), 26,421,189 distinct states found (1,295,268 ds/min), 599,196 states left on queue.
@!@!@ENDMSG 2200 @!@!@
@!@!@STARTMSG 2200:0 @!@!@
Progress(231) at 2025-06-19 15:09:48: 118,617,542 states generated (5,696,055 s/min), 27,845,719 distinct states found (1,424,530 ds/min), 618,792 states left on queue.
@!@!@ENDMSG 2200 @!@!@
@!@!@STARTMSG 2200:0 @!@!@
Progress(233) at 2025-06-19 15:10:48: 124,126,760 states generated (5,509,218 s/min), 29,205,466 distinct states found (1,359,747 ds/min), 637,849 states left on queue.
@!@!@ENDMSG 2200 @!@!@
@!@!@STARTMSG 2200:0 @!@!@
Progress(235) at 2025-06-19 15:11:48: 129,098,584 states generated (4,971,824 s/min), 30,428,075 distinct states found (1,222,609 ds/min), 651,175 states left on queue.
@!@!@ENDMSG 2200 @!@!@
@!@!@STARTMSG 2200:0 @!@!@
Progress(237) at 2025-06-19 15:12:48: 134,116,029 states generated (5,017,445 s/min), 31,649,835 distinct states found (1,221,760 ds/min), 667,953 states left on queue.
@!@!@ENDMSG 2200 @!@!@
@!@!@STARTMSG 2200:0 @!@!@
Progress(239) at 2025-06-19 15:13:48: 139,106,687 states generated (4,990,658 s/min), 32,866,510 distinct states found (1,216,675 ds/min), 683,658 states left on queue.
@!@!@ENDMSG 2200 @!@!@
@!@!@STARTMSG 2200:0 @!@!@
Progress(240) at 2025-06-19 15:14:55: 143,632,486 states generated (4,525,799 s/min), 34,007,766 distinct states found (1,141,256 ds/min), 696,205 states left on queue.
@!@!@ENDMSG 2200 @!@!@
@!@!@STARTMSG 2200:0 @!@!@
Progress(242) at 2025-06-19 15:15:56: 148,247,049 states generated (4,614,563 s/min), 35,148,623 distinct states found (1,140,857 ds/min), 710,413 states left on queue.
@!@!@ENDMSG 2200 @!@!@
@!@!@STARTMSG 2200:0 @!@!@
Progress(243) at 2025-06-19 15:16:56: 152,580,845 states generated (4,333,796 s/min), 36,208,515 distinct states found (1,059,892 ds/min), 722,322 states left on queue.
@!@!@ENDMSG 2200 @!@!@
@!@!@STARTMSG 2200:0 @!@!@
Progress(245) at 2025-06-19 15:17:56: 157,557,496 states generated (4,976,651 s/min), 37,464,543 distinct states found (1,256,028 ds/min), 731,520 states left on queue.
@!@!@ENDMSG 2200 @!@!@
@!@!@STARTMSG 2200:0 @!@!@
Progress(247) at 2025-06-19 15:18:56: 163,232,784 states generated (5,675,288 s/min), 38,867,899 distinct states found (1,403,356 ds/min), 737,749 states left on queue.
@!@!@ENDMSG 2200 @!@!@
@!@!@STARTMSG 2195:0 @!@!@
Checkpointing of run /Users/dinu/rp/rp/spec/scheduler.toolbox/Model_1/25-06-19-14-49-43.210
@!@!@ENDMSG 2195 @!@!@
@!@!@STARTMSG 2196:0 @!@!@
Checkpointing completed at (2025-06-19 15:19:56)
@!@!@ENDMSG 2196 @!@!@
@!@!@STARTMSG 2200:0 @!@!@
Progress(249) at 2025-06-19 15:19:56: 168,674,263 states generated (5,441,479 s/min), 40,196,292 distinct states found (1,328,393 ds/min), 745,668 states left on queue.
@!@!@ENDMSG 2200 @!@!@
@!@!@STARTMSG 2200:0 @!@!@
Progress(251) at 2025-06-19 15:20:56: 174,249,944 states generated (5,575,681 s/min), 41,552,268 distinct states found (1,355,976 ds/min), 753,850 states left on queue.
@!@!@ENDMSG 2200 @!@!@
@!@!@STARTMSG 2200:0 @!@!@
Progress(252) at 2025-06-19 15:21:56: 179,744,422 states generated (5,494,478 s/min), 42,933,885 distinct states found (1,381,617 ds/min), 761,516 states left on queue.
@!@!@ENDMSG 2200 @!@!@
@!@!@STARTMSG 2200:0 @!@!@
Progress(254) at 2025-06-19 15:22:56: 185,358,921 states generated (5,614,499 s/min), 44,346,246 distinct states found (1,412,361 ds/min), 765,415 states left on queue.
@!@!@ENDMSG 2200 @!@!@
@!@!@STARTMSG 2200:0 @!@!@
Progress(256) at 2025-06-19 15:23:56: 190,957,046 states generated (5,598,125 s/min), 45,736,677 distinct states found (1,390,431 ds/min), 768,283 states left on queue.
@!@!@ENDMSG 2200 @!@!@
@!@!@STARTMSG 2200:0 @!@!@
Progress(258) at 2025-06-19 15:24:56: 196,699,397 states generated (5,742,351 s/min), 47,142,615 distinct states found (1,405,938 ds/min), 770,887 states left on queue.
@!@!@ENDMSG 2200 @!@!@
@!@!@STARTMSG 2200:0 @!@!@
Progress(260) at 2025-06-19 15:25:56: 202,403,027 states generated (5,703,630 s/min), 48,557,932 distinct states found (1,415,317 ds/min), 773,491 states left on queue.
@!@!@ENDMSG 2200 @!@!@
@!@!@STARTMSG 2200:0 @!@!@
Progress(261) at 2025-06-19 15:26:56: 208,232,959 states generated (5,829,932 s/min), 49,977,491 distinct states found (1,419,559 ds/min), 775,653 states left on queue.
@!@!@ENDMSG 2200 @!@!@
@!@!@STARTMSG 2200:0 @!@!@
Progress(263) at 2025-06-19 15:27:56: 213,782,831 states generated (5,549,872 s/min), 51,379,309 distinct states found (1,401,818 ds/min), 775,265 states left on queue.
@!@!@ENDMSG 2200 @!@!@
@!@!@STARTMSG 2200:0 @!@!@
Progress(265) at 2025-06-19 15:28:56: 219,343,248 states generated (5,560,417 s/min), 52,782,225 distinct states found (1,402,916 ds/min), 771,530 states left on queue.
@!@!@ENDMSG 2200 @!@!@
@!@!@STARTMSG 2200:0 @!@!@
Progress(267) at 2025-06-19 15:29:56: 224,444,257 states generated (5,101,009 s/min), 54,026,707 distinct states found (1,244,482 ds/min), 767,935 states left on queue.
@!@!@ENDMSG 2200 @!@!@
@!@!@STARTMSG 2200:0 @!@!@
Progress(268) at 2025-06-19 15:30:56: 229,293,656 states generated (4,849,399 s/min), 55,224,713 distinct states found (1,198,006 ds/min), 762,643 states left on queue.
@!@!@ENDMSG 2200 @!@!@
@!@!@STARTMSG 2200:0 @!@!@
Progress(270) at 2025-06-19 15:31:56: 233,970,689 states generated (4,677,033 s/min), 56,394,264 distinct states found (1,169,551 ds/min), 759,341 states left on queue.
@!@!@ENDMSG 2200 @!@!@
@!@!@STARTMSG 2200:0 @!@!@
Progress(271) at 2025-06-19 15:32:56: 237,383,574 states generated (3,412,885 s/min), 57,255,654 distinct states found (861,390 ds/min), 758,908 states left on queue.
@!@!@ENDMSG 2200 @!@!@
@!@!@STARTMSG 2200:0 @!@!@
Progress(272) at 2025-06-19 15:33:56: 240,539,350 states generated (3,155,776 s/min), 58,044,708 distinct states found (789,054 ds/min), 760,229 states left on queue.
@!@!@ENDMSG 2200 @!@!@
@!@!@STARTMSG 2200:0 @!@!@
Progress(273) at 2025-06-19 15:34:56: 243,866,046 states generated (3,326,696 s/min), 58,876,465 distinct states found (831,757 ds/min), 761,809 states left on queue.
@!@!@ENDMSG 2200 @!@!@
@!@!@STARTMSG 2200:0 @!@!@
Progress(274) at 2025-06-19 15:35:56: 246,873,308 states generated (3,007,262 s/min), 59,623,005 distinct states found (746,540 ds/min), 762,023 states left on queue.
@!@!@ENDMSG 2200 @!@!@
@!@!@STARTMSG 2200:0 @!@!@
Progress(275) at 2025-06-19 15:36:56: 250,071,719 states generated (3,198,411 s/min), 60,423,349 distinct states found (800,344 ds/min), 761,670 states left on queue.
@!@!@ENDMSG 2200 @!@!@
@!@!@STARTMSG 2200:0 @!@!@
Progress(276) at 2025-06-19 15:37:56: 254,312,513 states generated (4,240,794 s/min), 61,434,800 distinct states found (1,011,451 ds/min), 759,268 states left on queue.
@!@!@ENDMSG 2200 @!@!@
@!@!@STARTMSG 2200:0 @!@!@
Progress(278) at 2025-06-19 15:38:56: 258,611,166 states generated (4,298,653 s/min), 62,545,647 distinct states found (1,110,847 ds/min), 756,292 states left on queue.
@!@!@ENDMSG 2200 @!@!@
@!@!@STARTMSG 2200:0 @!@!@
Progress(279) at 2025-06-19 15:39:56: 261,948,319 states generated (3,337,153 s/min), 63,378,584 distinct states found (832,937 ds/min), 753,481 states left on queue.
@!@!@ENDMSG 2200 @!@!@
@!@!@STARTMSG 2200:0 @!@!@
Progress(280) at 2025-06-19 15:40:56: 266,328,649 states generated (4,380,330 s/min), 64,432,472 distinct states found (1,053,888 ds/min), 749,367 states left on queue.
@!@!@ENDMSG 2200 @!@!@
@!@!@STARTMSG 2200:0 @!@!@
Progress(282) at 2025-06-19 15:41:56: 270,966,671 states generated (4,638,022 s/min), 65,626,192 distinct states found (1,193,720 ds/min), 747,151 states left on queue.
@!@!@ENDMSG 2200 @!@!@
@!@!@STARTMSG 2200:0 @!@!@
Progress(283) at 2025-06-19 15:42:56: 275,398,983 states generated (4,432,312 s/min), 66,689,026 distinct states found (1,062,834 ds/min), 745,016 states left on queue.
@!@!@ENDMSG 2200 @!@!@
@!@!@STARTMSG 2200:0 @!@!@
Progress(285) at 2025-06-19 15:43:56: 278,525,474 states generated (3,126,491 s/min), 67,463,767 distinct states found (774,741 ds/min), 742,346 states left on queue.
@!@!@ENDMSG 2200 @!@!@
@!@!@STARTMSG 2200:0 @!@!@
Progress(286) at 2025-06-19 15:44:56: 281,700,745 states generated (3,175,271 s/min), 68,269,755 distinct states found (805,988 ds/min), 737,571 states left on queue.
@!@!@ENDMSG 2200 @!@!@
@!@!@STARTMSG 2200:0 @!@!@
Progress(286) at 2025-06-19 15:45:56: 283,826,081 states generated (2,125,336 s/min), 68,799,262 distinct states found (529,507 ds/min), 733,226 states left on queue.
@!@!@ENDMSG 2200 @!@!@
@!@!@STARTMSG 2200:0 @!@!@
Progress(287) at 2025-06-19 15:46:56: 286,327,298 states generated (2,501,217 s/min), 69,443,434 distinct states found (644,172 ds/min), 727,006 states left on queue.
@!@!@ENDMSG 2200 @!@!@
@!@!@STARTMSG 2200:0 @!@!@
Progress(288) at 2025-06-19 15:47:56: 289,497,958 states generated (3,170,660 s/min), 70,218,490 distinct states found (775,056 ds/min), 718,004 states left on queue.
@!@!@ENDMSG 2200 @!@!@
@!@!@STARTMSG 2200:0 @!@!@
Progress(290) at 2025-06-19 15:48:56: 293,897,457 states generated (4,399,499 s/min), 71,322,230 distinct states found (1,103,740 ds/min), 705,417 states left on queue.
@!@!@ENDMSG 2200 @!@!@
@!@!@STARTMSG 2195:0 @!@!@
Checkpointing of run /Users/dinu/rp/rp/spec/scheduler.toolbox/Model_1/25-06-19-14-49-43.210
@!@!@ENDMSG 2195 @!@!@
@!@!@STARTMSG 2196:0 @!@!@
Checkpointing completed at (2025-06-19 15:50:05)
@!@!@ENDMSG 2196 @!@!@
@!@!@STARTMSG 2200:0 @!@!@
Progress(292) at 2025-06-19 15:50:05: 299,696,455 states generated (5,798,998 s/min), 72,775,368 distinct states found (1,453,138 ds/min), 691,657 states left on queue.
@!@!@ENDMSG 2200 @!@!@
@!@!@STARTMSG 2200:0 @!@!@
Progress(294) at 2025-06-19 15:51:05: 304,727,393 states generated (5,030,938 s/min), 74,018,848 distinct states found (1,243,480 ds/min), 686,235 states left on queue.
@!@!@ENDMSG 2200 @!@!@
@!@!@STARTMSG 2200:0 @!@!@
Progress(296) at 2025-06-19 15:52:05: 309,721,179 states generated (4,993,786 s/min), 75,248,116 distinct states found (1,229,268 ds/min), 681,318 states left on queue.
@!@!@ENDMSG 2200 @!@!@
@!@!@STARTMSG 2200:0 @!@!@
Progress(298) at 2025-06-19 15:53:05: 315,037,648 states generated (5,316,469 s/min), 76,565,293 distinct states found (1,317,177 ds/min), 667,994 states left on queue.
@!@!@ENDMSG 2200 @!@!@
@!@!@STARTMSG 2200:0 @!@!@
Progress(299) at 2025-06-19 15:54:05: 319,756,610 states generated (4,718,962 s/min), 77,751,680 distinct states found (1,186,387 ds/min), 649,526 states left on queue.
@!@!@ENDMSG 2200 @!@!@
@!@!@STARTMSG 2200:0 @!@!@
Progress(301) at 2025-06-19 15:55:05: 324,871,947 states generated (5,115,337 s/min), 79,020,128 distinct states found (1,268,448 ds/min), 627,357 states left on queue.
@!@!@ENDMSG 2200 @!@!@
@!@!@STARTMSG 2200:0 @!@!@
Progress(303) at 2025-06-19 15:56:05: 329,951,921 states generated (5,079,974 s/min), 80,283,016 distinct states found (1,262,888 ds/min), 608,803 states left on queue.
@!@!@ENDMSG 2200 @!@!@
@!@!@STARTMSG 2200:0 @!@!@
Progress(305) at 2025-06-19 15:57:05: 334,876,971 states generated (4,925,050 s/min), 81,507,695 distinct states found (1,224,679 ds/min), 596,832 states left on queue.
@!@!@ENDMSG 2200 @!@!@
@!@!@STARTMSG 2200:0 @!@!@
Progress(308) at 2025-06-19 15:58:05: 340,059,704 states generated (5,182,733 s/min), 82,818,555 distinct states found (1,310,860 ds/min), 585,428 states left on queue.
@!@!@ENDMSG 2200 @!@!@
@!@!@STARTMSG 2200:0 @!@!@
Progress(310) at 2025-06-19 15:59:05: 344,983,764 states generated (4,924,060 s/min), 84,044,595 distinct states found (1,226,040 ds/min), 565,652 states left on queue.
@!@!@ENDMSG 2200 @!@!@
@!@!@STARTMSG 2200:0 @!@!@
Progress(312) at 2025-06-19 16:00:05: 349,643,191 states generated (4,659,427 s/min), 85,206,170 distinct states found (1,161,575 ds/min), 541,914 states left on queue.
@!@!@ENDMSG 2200 @!@!@
@!@!@STARTMSG 2200:0 @!@!@
Progress(314) at 2025-06-19 16:01:05: 354,081,779 states generated (4,438,588 s/min), 86,306,860 distinct states found (1,100,690 ds/min), 517,696 states left on queue.
@!@!@ENDMSG 2200 @!@!@
@!@!@STARTMSG 2200:0 @!@!@
Progress(317) at 2025-06-19 16:02:05: 359,260,312 states generated (5,178,533 s/min), 87,566,637 distinct states found (1,259,777 ds/min), 497,142 states left on queue.
@!@!@ENDMSG 2200 @!@!@
@!@!@STARTMSG 2200:0 @!@!@
Progress(319) at 2025-06-19 16:03:05: 364,225,877 states generated (4,965,565 s/min), 88,829,557 distinct states found (1,262,920 ds/min), 478,710 states left on queue.
@!@!@ENDMSG 2200 @!@!@
@!@!@STARTMSG 2200:0 @!@!@
Progress(322) at 2025-06-19 16:04:05: 369,827,234 states generated (5,601,357 s/min), 90,214,109 distinct states found (1,384,552 ds/min), 446,922 states left on queue.
@!@!@ENDMSG 2200 @!@!@
@!@!@STARTMSG 2200:0 @!@!@
Progress(326) at 2025-06-19 16:05:05: 375,642,386 states generated (5,815,152 s/min), 91,627,586 distinct states found (1,413,477 ds/min), 404,659 states left on queue.
@!@!@ENDMSG 2200 @!@!@
@!@!@STARTMSG 2200:0 @!@!@
Progress(329) at 2025-06-19 16:06:05: 381,443,306 states generated (5,800,920 s/min), 93,073,947 distinct states found (1,446,361 ds/min), 369,368 states left on queue.
@!@!@ENDMSG 2200 @!@!@
@!@!@STARTMSG 2200:0 @!@!@
Progress(334) at 2025-06-19 16:07:05: 387,262,252 states generated (5,818,946 s/min), 94,503,847 distinct states found (1,429,900 ds/min), 326,789 states left on queue.
@!@!@ENDMSG 2200 @!@!@
@!@!@STARTMSG 2200:0 @!@!@
Progress(338) at 2025-06-19 16:08:05: 392,934,582 states generated (5,672,330 s/min), 95,904,643 distinct states found (1,400,796 ds/min), 264,109 states left on queue.
@!@!@ENDMSG 2200 @!@!@
@!@!@STARTMSG 2200:0 @!@!@
Progress(344) at 2025-06-19 16:09:05: 398,615,781 states generated (5,681,199 s/min), 97,311,240 distinct states found (1,406,597 ds/min), 218,736 states left on queue.
@!@!@ENDMSG 2200 @!@!@
@!@!@STARTMSG 2200:0 @!@!@
Progress(352) at 2025-06-19 16:10:05: 404,438,019 states generated (5,822,238 s/min), 98,746,337 distinct states found (1,435,097 ds/min), 161,732 states left on queue.
@!@!@ENDMSG 2200 @!@!@
@!@!@STARTMSG 2200:0 @!@!@
Progress(364) at 2025-06-19 16:11:05: 410,341,794 states generated (5,903,775 s/min), 100,184,218 distinct states found (1,437,881 ds/min), 92,556 states left on queue.
@!@!@ENDMSG 2200 @!@!@
@!@!@STARTMSG 2193:0 @!@!@
Model checking completed. No error has been found.
  Estimates of the probability that TLC did not check all reachable states
  because two distinct states had the same fingerprint:
  calculated (optimistic):  val = .0017
  based on the actual fingerprints:  val = 9.5E-4
@!@!@ENDMSG 2193 @!@!@
@!@!@STARTMSG 2200:0 @!@!@
Progress(427) at 2025-06-19 16:12:22: 415,024,449 states generated (5,021,332 s/min), 101,310,000 distinct states found (1,225,737 ds/min), 0 states left on queue.
@!@!@ENDMSG 2200 @!@!@
@!@!@STARTMSG 2199:0 @!@!@
415024449 states generated, 101310000 distinct states found, 0 states left on queue.
@!@!@ENDMSG 2199 @!@!@
@!@!@STARTMSG 2194:0 @!@!@
The depth of the complete state graph search is 427.
@!@!@ENDMSG 2194 @!@!@
@!@!@STARTMSG 2268:0 @!@!@
The average outdegree of the complete state graph is 1 (minimum is 0, the maximum 10 and the 95th percentile is 2).
@!@!@ENDMSG 2268 @!@!@
@!@!@STARTMSG 2186:0 @!@!@
Finished in 4964622ms at (2025-06-19 16:12:27)
@!@!@ENDMSG 2186 @!@!@
