@!@!@STARTMSG 2262:0 @!@!@
TLC2 Version 2.20 of Day Month 20?? (rev: 96056d9)
@!@!@ENDMSG 2262 @!@!@
@!@!@STARTMSG 2187:0 @!@!@
Running breadth-first search Model-Checking with fp 5 and seed -8995769417367210139 with 4 workers on 8 cores with 1214MB heap and 2730MB offheap memory [pid: 56571] (Mac OS X 10.16 x86_64, AdoptOpenJDK 14.0.1 x86_64, OffHeapDiskFPSet, DiskStateQueue).
@!@!@ENDMSG 2187 @!@!@
@!@!@STARTMSG 2220:0 @!@!@
Starting SANY...
@!@!@ENDMSG 2220 @!@!@
Parsing file /Users/dinu/rp/rp/spec/scheduler.toolbox/Model_1/MC.tla
Parsing file /Users/dinu/rp/rp/spec/scheduler.toolbox/Model_1/scheduler.tla
Warning: symbols were renamed.
Parsing file /private/var/folders/y7/381l32yj70gc7txzlnr5dy4h0000gp/T/AppTranslocation/E19D1C01-E212-4577-9897-0825E5F1C34E/d/TLA+ Toolbox.app/Contents/Eclipse/plugins/org.lamport.tlatools_1.0.0.202505200356/tla2sany/StandardModules/TLC.tla
Parsing file /private/var/folders/y7/381l32yj70gc7txzlnr5dy4h0000gp/T/AppTranslocation/E19D1C01-E212-4577-9897-0825E5F1C34E/d/TLA+ Toolbox.app/Contents/Eclipse/plugins/org.lamport.tlatools_1.0.0.202505200356/tla2sany/StandardModules/Naturals.tla
Parsing file /private/var/folders/y7/381l32yj70gc7txzlnr5dy4h0000gp/T/AppTranslocation/E19D1C01-E212-4577-9897-0825E5F1C34E/d/TLA+ Toolbox.app/Contents/Eclipse/plugins/org.lamport.tlatools_1.0.0.202505200356/tla2sany/StandardModules/Integers.tla
Parsing file /private/var/folders/y7/381l32yj70gc7txzlnr5dy4h0000gp/T/AppTranslocation/E19D1C01-E212-4577-9897-0825E5F1C34E/d/TLA+ Toolbox.app/Contents/Eclipse/plugins/org.lamport.tlatools_1.0.0.202505200356/tla2sany/StandardModules/Sequences.tla
Parsing file /private/var/folders/y7/381l32yj70gc7txzlnr5dy4h0000gp/T/AppTranslocation/E19D1C01-E212-4577-9897-0825E5F1C34E/d/TLA+ Toolbox.app/Contents/Eclipse/plugins/org.lamport.tlatools_1.0.0.202505200356/tla2sany/StandardModules/FiniteSets.tla
Semantic processing of module Naturals
Semantic processing of module Integers
Semantic processing of module Sequences
Semantic processing of module FiniteSets
Semantic processing of module TLC
Semantic processing of module scheduler
Semantic processing of module MC
@!@!@STARTMSG 2219:0 @!@!@
SANY finished.
@!@!@ENDMSG 2219 @!@!@
@!@!@STARTMSG 2185:0 @!@!@
Starting... (2025-06-14 22:31:16)
@!@!@ENDMSG 2185 @!@!@
@!@!@STARTMSG 2212:0 @!@!@
Implied-temporal checking--satisfiability problem has 3 branches.
@!@!@ENDMSG 2212 @!@!@
@!@!@STARTMSG 2189:0 @!@!@
Computing initial states...
@!@!@ENDMSG 2189 @!@!@
@!@!@STARTMSG 2190:0 @!@!@
Finished computing initial states: 1 distinct state generated at 2025-06-14 22:31:19.
@!@!@ENDMSG 2190 @!@!@
@!@!@STARTMSG 2192:0 @!@!@
Checking 3 branches of temporal properties for the current state space with 1656 total distinct states at (2025-06-14 22:31:22)
@!@!@ENDMSG 2192 @!@!@
@!@!@STARTMSG 2267:0 @!@!@
Finished checking temporal properties in 00s at 2025-06-14 22:31:22
@!@!@ENDMSG 2267 @!@!@
@!@!@STARTMSG 2200:0 @!@!@
Progress(17) at 2025-06-14 22:31:22: 1,862 states generated (1,862 s/min), 617 distinct states found (617 ds/min), 93 states left on queue.
@!@!@ENDMSG 2200 @!@!@
@!@!@STARTMSG 2200:0 @!@!@
Progress(73) at 2025-06-14 22:31:50: 131,953 states generated, 33,624 distinct states found, 0 states left on queue.
@!@!@ENDMSG 2200 @!@!@
@!@!@STARTMSG 2192:0 @!@!@
Checking 3 branches of temporal properties for the complete state space with 100872 total distinct states at (2025-06-14 22:31:50)
@!@!@ENDMSG 2192 @!@!@
@!@!@STARTMSG 2267:0 @!@!@
Finished checking temporal properties in 00s at 2025-06-14 22:31:51
@!@!@ENDMSG 2267 @!@!@
@!@!@STARTMSG 2193:0 @!@!@
Model checking completed. No error has been found.
  Estimates of the probability that TLC did not check all reachable states
  because two distinct states had the same fingerprint:
  calculated (optimistic):  val = 1.8E-10
  based on the actual fingerprints:  val = 3.0E-11
@!@!@ENDMSG 2193 @!@!@
@!@!@STARTMSG 2201:0 @!@!@
The coverage statistics at 2025-06-14 22:31:56 (see https://explain.tlapl.us/module-coverage-statistics for how to interpret the following statistics).
@!@!@ENDMSG 2201 @!@!@
@!@!@STARTMSG 2779:0 @!@!@
<TaskIdCurrent line 413, col 45 to line 413, col 57 of module scheduler>: 2
@!@!@ENDMSG 2779 @!@!@
@!@!@STARTMSG 2779:0 @!@!@
<TasksFinished line 413, col 60 to line 413, col 72 of module scheduler>: 2
@!@!@ENDMSG 2779 @!@!@
@!@!@STARTMSG 2779:0 @!@!@
<I_ line 448, col 32 to line 448, col 33 of module scheduler>: 2
@!@!@ENDMSG 2779 @!@!@
@!@!@STARTMSG 2779:0 @!@!@
<RTStarted line 414, col 11 to line 414, col 19 of module scheduler>: 2
@!@!@ENDMSG 2779 @!@!@
@!@!@STARTMSG 2779:0 @!@!@
<I line 448, col 48 to line 448, col 48 of module scheduler>: 1
@!@!@ENDMSG 2779 @!@!@
@!@!@STARTMSG 2779:0 @!@!@
<K line 448, col 36 to line 448, col 36 of module scheduler>: 4
@!@!@ENDMSG 2779 @!@!@
@!@!@STARTMSG 2779:0 @!@!@
<LQBSizes line 413, col 26 to line 413, col 33 of module scheduler>: 1
@!@!@ENDMSG 2779 @!@!@
@!@!@STARTMSG 2779:0 @!@!@
<HasWork line 448, col 23 to line 448, col 29 of module scheduler>: 2
@!@!@ENDMSG 2779 @!@!@
@!@!@STARTMSG 2779:0 @!@!@
<GQAFirst line 412, col 20 to line 412, col 27 of module scheduler>: 1
@!@!@ENDMSG 2779 @!@!@
@!@!@STARTMSG 2779:0 @!@!@
<Futures line 414, col 33 to line 414, col 39 of module scheduler>: 3
@!@!@ENDMSG 2779 @!@!@
@!@!@STARTMSG 2779:0 @!@!@
<pc line 412, col 11 to line 412, col 12 of module scheduler>: 14194
@!@!@ENDMSG 2779 @!@!@
@!@!@STARTMSG 2779:0 @!@!@
<FDReadsAvailable line 414, col 54 to line 414, col 69 of module scheduler>: 1
@!@!@ENDMSG 2779 @!@!@
@!@!@STARTMSG 2779:0 @!@!@
<LQA line 412, col 61 to line 412, col 63 of module scheduler>: 3
@!@!@ENDMSG 2779 @!@!@
@!@!@STARTMSG 2779:0 @!@!@
<LQB line 413, col 21 to line 413, col 23 of module scheduler>: 1
@!@!@ENDMSG 2779 @!@!@
@!@!@STARTMSG 2779:0 @!@!@
<LQASizes line 413, col 11 to line 413, col 18 of module scheduler>: 2
@!@!@ENDMSG 2779 @!@!@
@!@!@STARTMSG 2779:0 @!@!@
<RTStopped line 414, col 22 to line 414, col 30 of module scheduler>: 2
@!@!@ENDMSG 2779 @!@!@
@!@!@STARTMSG 2779:0 @!@!@
<LQAClock line 412, col 66 to line 412, col 73 of module scheduler>: 2
@!@!@ENDMSG 2779 @!@!@
@!@!@STARTMSG 2779:0 @!@!@
<LQLocks line 413, col 36 to line 413, col 42 of module scheduler>: 4
@!@!@ENDMSG 2779 @!@!@
@!@!@STARTMSG 2779:0 @!@!@
<GQALast line 412, col 30 to line 412, col 36 of module scheduler>: 1
@!@!@ENDMSG 2779 @!@!@
@!@!@STARTMSG 2779:0 @!@!@
<FuturePush line 414, col 42 to line 414, col 51 of module scheduler>: 1
@!@!@ENDMSG 2779 @!@!@
@!@!@STARTMSG 2779:0 @!@!@
<tid_ line 448, col 11 to line 448, col 14 of module scheduler>: 2
@!@!@ENDMSG 2779 @!@!@
@!@!@STARTMSG 2779:0 @!@!@
<tid line 448, col 43 to line 448, col 45 of module scheduler>: 1
@!@!@ENDMSG 2779 @!@!@
@!@!@STARTMSG 2779:0 @!@!@
<GQLock line 412, col 53 to line 412, col 58 of module scheduler>: 3
@!@!@ENDMSG 2779 @!@!@
@!@!@STARTMSG 2779:0 @!@!@
<task line 448, col 17 to line 448, col 20 of module scheduler>: 2
@!@!@ENDMSG 2779 @!@!@
@!@!@STARTMSG 2779:0 @!@!@
<GQA line 412, col 15 to line 412, col 17 of module scheduler>: 1
@!@!@ENDMSG 2779 @!@!@
@!@!@STARTMSG 2779:0 @!@!@
<GQB line 412, col 39 to line 412, col 41 of module scheduler>: 1
@!@!@ENDMSG 2779 @!@!@
@!@!@STARTMSG 2779:0 @!@!@
<FDWritesAvailable line 415, col 11 to line 415, col 27 of module scheduler>: 1
@!@!@ENDMSG 2779 @!@!@
@!@!@STARTMSG 2779:0 @!@!@
<wr line 448, col 39 to line 448, col 40 of module scheduler>: 1
@!@!@ENDMSG 2779 @!@!@
@!@!@STARTMSG 2779:0 @!@!@
<GQBSize line 412, col 44 to line 412, col 50 of module scheduler>: 1
@!@!@ENDMSG 2779 @!@!@
@!@!@STARTMSG 2779:0 @!@!@
<ListenerSocketFd line 448, col 51 to line 448, col 66 of module scheduler>: 2
@!@!@ENDMSG 2779 @!@!@
@!@!@STARTMSG 2779:0 @!@!@
<KQueues line 415, col 30 to line 415, col 36 of module scheduler>: 1
@!@!@ENDMSG 2779 @!@!@
@!@!@STARTMSG 2773:0 @!@!@
<Init line 458, col 1 to line 458, col 4 of module scheduler>: 1:1
@!@!@ENDMSG 2773 @!@!@
@!@!@STARTMSG 2775:0 @!@!@
  line 459, col 18 to line 459, col 40 of module scheduler: 1:128
@!@!@ENDMSG 2775 @!@!@
@!@!@STARTMSG 2221:0 @!@!@
  |line 459, col 25 to line 459, col 26 of module scheduler: 1
@!@!@ENDMSG 2221 @!@!@
@!@!@STARTMSG 2775:0 @!@!@
  line 462, col 18 to line 462, col 40 of module scheduler: 1:128
@!@!@ENDMSG 2775 @!@!@
@!@!@STARTMSG 2221:0 @!@!@
  |line 462, col 25 to line 462, col 26 of module scheduler: 1
@!@!@ENDMSG 2221 @!@!@
@!@!@STARTMSG 2221:0 @!@!@
  line 464, col 12 to line 464, col 28 of module scheduler: 1
@!@!@ENDMSG 2221 @!@!@
@!@!@STARTMSG 2775:0 @!@!@
  line 465, col 18 to line 465, col 60 of module scheduler: 1:2
@!@!@ENDMSG 2775 @!@!@
@!@!@STARTMSG 2221:0 @!@!@
  |line 465, col 25 to line 465, col 31 of module scheduler: 1
@!@!@ENDMSG 2221 @!@!@
@!@!@STARTMSG 2775:0 @!@!@
  line 466, col 23 to line 466, col 43 of module scheduler: 1:2
@!@!@ENDMSG 2775 @!@!@
@!@!@STARTMSG 2221:0 @!@!@
  |line 466, col 30 to line 466, col 36 of module scheduler: 1
@!@!@ENDMSG 2221 @!@!@
@!@!@STARTMSG 2775:0 @!@!@
  line 467, col 23 to line 467, col 43 of module scheduler: 1:2
@!@!@ENDMSG 2775 @!@!@
@!@!@STARTMSG 2221:0 @!@!@
  |line 467, col 30 to line 467, col 36 of module scheduler: 1
@!@!@ENDMSG 2221 @!@!@
@!@!@STARTMSG 2775:0 @!@!@
  line 468, col 18 to line 468, col 60 of module scheduler: 1:2
@!@!@ENDMSG 2775 @!@!@
@!@!@STARTMSG 2221:0 @!@!@
  |line 468, col 25 to line 468, col 31 of module scheduler: 1
@!@!@ENDMSG 2221 @!@!@
@!@!@STARTMSG 2775:0 @!@!@
  line 469, col 23 to line 469, col 43 of module scheduler: 1:2
@!@!@ENDMSG 2775 @!@!@
@!@!@STARTMSG 2221:0 @!@!@
  |line 469, col 30 to line 469, col 36 of module scheduler: 1
@!@!@ENDMSG 2221 @!@!@
@!@!@STARTMSG 2775:0 @!@!@
  line 470, col 22 to line 470, col 49 of module scheduler: 1:2
@!@!@ENDMSG 2775 @!@!@
@!@!@STARTMSG 2221:0 @!@!@
  |line 470, col 29 to line 470, col 35 of module scheduler: 1
@!@!@ENDMSG 2221 @!@!@
@!@!@STARTMSG 2221:0 @!@!@
  line 473, col 12 to line 473, col 28 of module scheduler: 1
@!@!@ENDMSG 2221 @!@!@
@!@!@STARTMSG 2221:0 @!@!@
  line 474, col 12 to line 474, col 28 of module scheduler: 1
@!@!@ENDMSG 2221 @!@!@
@!@!@STARTMSG 2775:0 @!@!@
  line 475, col 22 to line 475, col 49 of module scheduler: 1:5
@!@!@ENDMSG 2775 @!@!@
@!@!@STARTMSG 2221:0 @!@!@
  |line 475, col 29 to line 475, col 38 of module scheduler: 1
@!@!@ENDMSG 2221 @!@!@
@!@!@STARTMSG 2775:0 @!@!@
  line 476, col 25 to line 476, col 54 of module scheduler: 1:2
@!@!@ENDMSG 2775 @!@!@
@!@!@STARTMSG 2221:0 @!@!@
  |line 476, col 32 to line 476, col 38 of module scheduler: 1
@!@!@ENDMSG 2221 @!@!@
@!@!@STARTMSG 2775:0 @!@!@
  line 477, col 31 to line 477, col 48 of module scheduler: 1:5
@!@!@ENDMSG 2775 @!@!@
@!@!@STARTMSG 2221:0 @!@!@
  |line 477, col 39 to line 477, col 41 of module scheduler: 1
@!@!@ENDMSG 2221 @!@!@
@!@!@STARTMSG 2775:0 @!@!@
  line 478, col 32 to line 478, col 49 of module scheduler: 1:5
@!@!@ENDMSG 2775 @!@!@
@!@!@STARTMSG 2221:0 @!@!@
  |line 478, col 40 to line 478, col 42 of module scheduler: 1
@!@!@ENDMSG 2221 @!@!@
@!@!@STARTMSG 2775:0 @!@!@
  line 479, col 22 to line 479, col 43 of module scheduler: 1:3
@!@!@ENDMSG 2775 @!@!@
@!@!@STARTMSG 2221:0 @!@!@
  |line 479, col 30 to line 479, col 31 of module scheduler: 1
@!@!@ENDMSG 2221 @!@!@
@!@!@STARTMSG 2775:0 @!@!@
  line 483, col 19 to line 483, col 49 of module scheduler: 1:2
@!@!@ENDMSG 2775 @!@!@
@!@!@STARTMSG 2221:0 @!@!@
  |line 483, col 29 to line 483, col 35 of module scheduler: 1
@!@!@ENDMSG 2221 @!@!@
@!@!@STARTMSG 2775:0 @!@!@
  line 484, col 22 to line 484, col 49 of module scheduler: 1:2
@!@!@ENDMSG 2775 @!@!@
@!@!@STARTMSG 2221:0 @!@!@
  |line 484, col 32 to line 484, col 38 of module scheduler: 1
@!@!@ENDMSG 2221 @!@!@
@!@!@STARTMSG 2775:0 @!@!@
  line 485, col 17 to line 485, col 40 of module scheduler: 1:2
@!@!@ENDMSG 2775 @!@!@
@!@!@STARTMSG 2221:0 @!@!@
  |line 485, col 27 to line 485, col 33 of module scheduler: 1
@!@!@ENDMSG 2221 @!@!@
@!@!@STARTMSG 2775:0 @!@!@
  line 486, col 16 to line 486, col 39 of module scheduler: 1:2
@!@!@ENDMSG 2775 @!@!@
@!@!@STARTMSG 2221:0 @!@!@
  |line 486, col 26 to line 486, col 32 of module scheduler: 1
@!@!@ENDMSG 2221 @!@!@
@!@!@STARTMSG 2775:0 @!@!@
  line 488, col 17 to line 488, col 68 of module scheduler: 1:2
@!@!@ENDMSG 2775 @!@!@
@!@!@STARTMSG 2221:0 @!@!@
  |line 488, col 27 to line 488, col 45 of module scheduler: 1
@!@!@ENDMSG 2221 @!@!@
@!@!@STARTMSG 2775:0 @!@!@
  line 489, col 18 to line 489, col 53 of module scheduler: 1:2
@!@!@ENDMSG 2775 @!@!@
@!@!@STARTMSG 2221:0 @!@!@
  |line 489, col 28 to line 489, col 46 of module scheduler: 1
@!@!@ENDMSG 2221 @!@!@
@!@!@STARTMSG 2775:0 @!@!@
  line 490, col 16 to line 490, col 51 of module scheduler: 1:2
@!@!@ENDMSG 2775 @!@!@
@!@!@STARTMSG 2221:0 @!@!@
  |line 490, col 26 to line 490, col 44 of module scheduler: 1
@!@!@ENDMSG 2221 @!@!@
@!@!@STARTMSG 2775:0 @!@!@
  line 492, col 31 to line 492, col 68 of module scheduler: 1:1
@!@!@ENDMSG 2775 @!@!@
@!@!@STARTMSG 2775:0 @!@!@
  |line 492, col 41 to line 492, col 61 of module scheduler: 1:2
@!@!@ENDMSG 2775 @!@!@
@!@!@STARTMSG 2221:0 @!@!@
  ||line 492, col 42 to line 492, col 60 of module scheduler: 1
@!@!@ENDMSG 2221 @!@!@
@!@!@STARTMSG 2221:0 @!@!@
  line 493, col 12 to line 497, col 78 of module scheduler: 1
@!@!@ENDMSG 2221 @!@!@
@!@!@STARTMSG 2775:0 @!@!@
  |line 493, col 17 to line 497, col 78 of module scheduler: 1:7
@!@!@ENDMSG 2775 @!@!@
@!@!@STARTMSG 2221:0 @!@!@
  ||line 493, col 27 to line 493, col 33 of module scheduler: 1
@!@!@ENDMSG 2221 @!@!@
@!@!@STARTMSG 2772:0 @!@!@
<RTGetNext line 499, col 1 to line 499, col 9 of module scheduler>: 2:8
@!@!@ENDMSG 2772 @!@!@
@!@!@STARTMSG 2221:0 @!@!@
  line 499, col 17 to line 499, col 35 of module scheduler: 33633
@!@!@ENDMSG 2221 @!@!@
@!@!@STARTMSG 2221:0 @!@!@
  |line 499, col 17 to line 499, col 21 of module scheduler: 33625
@!@!@ENDMSG 2221 @!@!@
@!@!@STARTMSG 2221:0 @!@!@
  line 500, col 17 to line 500, col 50 of module scheduler: 8
@!@!@ENDMSG 2221 @!@!@
@!@!@STARTMSG 2221:0 @!@!@
  line 501, col 17 to line 501, col 38 of module scheduler: 8
@!@!@ENDMSG 2221 @!@!@
@!@!@STARTMSG 2221:0 @!@!@
  line 502, col 17 to line 502, col 54 of module scheduler: 8
@!@!@ENDMSG 2221 @!@!@
@!@!@STARTMSG 2221:0 @!@!@
  line 503, col 17 to line 508, col 48 of module scheduler: 8
@!@!@ENDMSG 2221 @!@!@
@!@!@STARTMSG 2772:0 @!@!@
<RTSpawnInit line 510, col 1 to line 510, col 11 of module scheduler>: 1:8
@!@!@ENDMSG 2772 @!@!@
@!@!@STARTMSG 2221:0 @!@!@
  line 510, col 19 to line 510, col 39 of module scheduler: 33633
@!@!@ENDMSG 2221 @!@!@
@!@!@STARTMSG 2221:0 @!@!@
  |line 510, col 19 to line 510, col 23 of module scheduler: 33625
@!@!@ENDMSG 2221 @!@!@
@!@!@STARTMSG 2221:0 @!@!@
  line 511, col 19 to line 511, col 116 of module scheduler: 8
@!@!@ENDMSG 2221 @!@!@
@!@!@STARTMSG 2221:0 @!@!@
  line 512, col 19 to line 512, col 56 of module scheduler: 8
@!@!@ENDMSG 2221 @!@!@
@!@!@STARTMSG 2221:0 @!@!@
  line 513, col 19 to line 513, col 52 of module scheduler: 8
@!@!@ENDMSG 2221 @!@!@
@!@!@STARTMSG 2221:0 @!@!@
  line 514, col 19 to line 519, col 50 of module scheduler: 8
@!@!@ENDMSG 2221 @!@!@
@!@!@STARTMSG 2772:0 @!@!@
<RTStart line 521, col 1 to line 521, col 7 of module scheduler>: 1:9
@!@!@ENDMSG 2772 @!@!@
@!@!@STARTMSG 2221:0 @!@!@
  line 521, col 15 to line 521, col 31 of module scheduler: 33634
@!@!@ENDMSG 2221 @!@!@
@!@!@STARTMSG 2221:0 @!@!@
  |line 521, col 15 to line 521, col 19 of module scheduler: 33625
@!@!@ENDMSG 2221 @!@!@
@!@!@STARTMSG 2221:0 @!@!@
  line 522, col 15 to line 522, col 31 of module scheduler: 9
@!@!@ENDMSG 2221 @!@!@
@!@!@STARTMSG 2221:0 @!@!@
  line 523, col 15 to line 523, col 49 of module scheduler: 9
@!@!@ENDMSG 2221 @!@!@
@!@!@STARTMSG 2221:0 @!@!@
  line 524, col 15 to line 529, col 46 of module scheduler: 9
@!@!@ENDMSG 2221 @!@!@
@!@!@STARTMSG 2772:0 @!@!@
<RTFinish line 531, col 1 to line 531, col 8 of module scheduler>: 472:4928
@!@!@ENDMSG 2772 @!@!@
@!@!@STARTMSG 2221:0 @!@!@
  line 531, col 16 to line 531, col 33 of module scheduler: 38553
@!@!@ENDMSG 2221 @!@!@
@!@!@STARTMSG 2221:0 @!@!@
  |line 531, col 16 to line 531, col 20 of module scheduler: 33625
@!@!@ENDMSG 2221 @!@!@
@!@!@STARTMSG 2221:0 @!@!@
  line 532, col 16 to line 532, col 44 of module scheduler: 11776
@!@!@ENDMSG 2221 @!@!@
@!@!@STARTMSG 2221:0 @!@!@
  |line 532, col 16 to line 532, col 28 of module scheduler: 6848
@!@!@ENDMSG 2221 @!@!@
@!@!@STARTMSG 2221:0 @!@!@
  |line 532, col 32 to line 532, col 44 of module scheduler: 6848
@!@!@ENDMSG 2221 @!@!@
@!@!@STARTMSG 2221:0 @!@!@
  line 533, col 16 to line 533, col 32 of module scheduler: 4928
@!@!@ENDMSG 2221 @!@!@
@!@!@STARTMSG 2221:0 @!@!@
  line 534, col 16 to line 534, col 46 of module scheduler: 4928
@!@!@ENDMSG 2221 @!@!@
@!@!@STARTMSG 2221:0 @!@!@
  line 535, col 16 to line 540, col 47 of module scheduler: 4928
@!@!@ENDMSG 2221 @!@!@
@!@!@STARTMSG 2772:0 @!@!@
<WWait line 544, col 1 to line 544, col 11 of module scheduler>: 15:1624
@!@!@ENDMSG 2772 @!@!@
@!@!@STARTMSG 2221:0 @!@!@
  line 544, col 19 to line 544, col 36 of module scheduler: 68874
@!@!@ENDMSG 2221 @!@!@
@!@!@STARTMSG 2221:0 @!@!@
  |line 544, col 19 to line 544, col 26 of module scheduler: 67250
@!@!@ENDMSG 2221 @!@!@
@!@!@STARTMSG 2221:0 @!@!@
  line 545, col 19 to line 545, col 34 of module scheduler: 3298
@!@!@ENDMSG 2221 @!@!@
@!@!@STARTMSG 2221:0 @!@!@
  |line 545, col 19 to line 545, col 27 of module scheduler: 1674
@!@!@ENDMSG 2221 @!@!@
@!@!@STARTMSG 2221:0 @!@!@
  |line 545, col 31 to line 545, col 34 of module scheduler: 1674
@!@!@ENDMSG 2221 @!@!@
@!@!@STARTMSG 2221:0 @!@!@
  line 546, col 19 to line 546, col 57 of module scheduler: 1624
@!@!@ENDMSG 2221 @!@!@
@!@!@STARTMSG 2221:0 @!@!@
  line 547, col 19 to line 553, col 50 of module scheduler: 1624
@!@!@ENDMSG 2221 @!@!@
@!@!@STARTMSG 2772:0 @!@!@
<Main_Loop line 555, col 1 to line 555, col 15 of module scheduler>: 747:4944
@!@!@ENDMSG 2772 @!@!@
@!@!@STARTMSG 2221:0 @!@!@
  line 555, col 23 to line 555, col 44 of module scheduler: 72194
@!@!@ENDMSG 2221 @!@!@
@!@!@STARTMSG 2221:0 @!@!@
  |line 555, col 23 to line 555, col 30 of module scheduler: 67250
@!@!@ENDMSG 2221 @!@!@
@!@!@STARTMSG 2221:0 @!@!@
  line 556, col 23 to line 556, col 63 of module scheduler: 4944
@!@!@ENDMSG 2221 @!@!@
@!@!@STARTMSG 2221:0 @!@!@
  line 557, col 23 to line 564, col 54 of module scheduler: 4944
@!@!@ENDMSG 2221 @!@!@
@!@!@STARTMSG 2772:0 @!@!@
<RTStopCheck line 566, col 1 to line 566, col 17 of module scheduler>: 1250:4944
@!@!@ENDMSG 2772 @!@!@
@!@!@STARTMSG 2221:0 @!@!@
  line 566, col 25 to line 566, col 48 of module scheduler: 72194
@!@!@ENDMSG 2221 @!@!@
@!@!@STARTMSG 2221:0 @!@!@
  |line 566, col 25 to line 566, col 32 of module scheduler: 67250
@!@!@ENDMSG 2221 @!@!@
@!@!@STARTMSG 2221:0 @!@!@
  line 567, col 28 to line 567, col 43 of module scheduler: 4944
@!@!@ENDMSG 2221 @!@!@
@!@!@STARTMSG 2221:0 @!@!@
  line 568, col 33 to line 568, col 72 of module scheduler: 3776
@!@!@ENDMSG 2221 @!@!@
@!@!@STARTMSG 2221:0 @!@!@
  line 569, col 33 to line 569, col 82 of module scheduler: 1168
@!@!@ENDMSG 2221 @!@!@
@!@!@STARTMSG 2221:0 @!@!@
  line 570, col 25 to line 577, col 56 of module scheduler: 4944
@!@!@ENDMSG 2221 @!@!@
@!@!@STARTMSG 2772:0 @!@!@
<ProcessQB_LQ_Lock line 579, col 1 to line 579, col 23 of module scheduler>: 698:4944
@!@!@ENDMSG 2772 @!@!@
@!@!@STARTMSG 2221:0 @!@!@
  line 579, col 31 to line 579, col 60 of module scheduler: 72194
@!@!@ENDMSG 2221 @!@!@
@!@!@STARTMSG 2221:0 @!@!@
  |line 579, col 31 to line 579, col 38 of module scheduler: 67250
@!@!@ENDMSG 2221 @!@!@
@!@!@STARTMSG 2221:0 @!@!@
  line 580, col 31 to line 580, col 54 of module scheduler: 9888
@!@!@ENDMSG 2221 @!@!@
@!@!@STARTMSG 2221:0 @!@!@
  |line 580, col 31 to line 580, col 43 of module scheduler: 4944
@!@!@ENDMSG 2221 @!@!@
@!@!@STARTMSG 2221:0 @!@!@
  |line 580, col 47 to line 580, col 54 of module scheduler: 4944
@!@!@ENDMSG 2221 @!@!@
@!@!@STARTMSG 2221:0 @!@!@
  line 581, col 31 to line 581, col 72 of module scheduler: 4944
@!@!@ENDMSG 2221 @!@!@
@!@!@STARTMSG 2221:0 @!@!@
  line 582, col 31 to line 582, col 67 of module scheduler: 4944
@!@!@ENDMSG 2221 @!@!@
@!@!@STARTMSG 2221:0 @!@!@
  line 583, col 31 to line 591, col 62 of module scheduler: 4944
@!@!@ENDMSG 2221 @!@!@
@!@!@STARTMSG 2772:0 @!@!@
<LQ_Pull line 593, col 1 to line 593, col 13 of module scheduler>: 710:4944
@!@!@ENDMSG 2772 @!@!@
@!@!@STARTMSG 2221:0 @!@!@
  line 593, col 21 to line 593, col 40 of module scheduler: 72194
@!@!@ENDMSG 2221 @!@!@
@!@!@STARTMSG 2221:0 @!@!@
  |line 593, col 21 to line 593, col 28 of module scheduler: 67250
@!@!@ENDMSG 2221 @!@!@
@!@!@STARTMSG 2221:0 @!@!@
  line 594, col 24 to line 594, col 41 of module scheduler: 4944
@!@!@ENDMSG 2221 @!@!@
@!@!@STARTMSG 2221:0 @!@!@
  line 595, col 32 to line 595, col 74 of module scheduler: 4784
@!@!@ENDMSG 2221 @!@!@
@!@!@STARTMSG 2221:0 @!@!@
  line 596, col 32 to line 596, col 66 of module scheduler: 4784
@!@!@ENDMSG 2221 @!@!@
@!@!@STARTMSG 2221:0 @!@!@
  line 597, col 29 to line 600, col 73 of module scheduler: 160
@!@!@ENDMSG 2221 @!@!@
@!@!@STARTMSG 2221:0 @!@!@
  line 601, col 21 to line 601, col 59 of module scheduler: 4944
@!@!@ENDMSG 2221 @!@!@
@!@!@STARTMSG 2221:0 @!@!@
  line 602, col 21 to line 607, col 77 of module scheduler: 4944
@!@!@ENDMSG 2221 @!@!@
@!@!@STARTMSG 2772:0 @!@!@
<LQ_Unlock line 609, col 1 to line 609, col 15 of module scheduler>: 734:4944
@!@!@ENDMSG 2772 @!@!@
@!@!@STARTMSG 2221:0 @!@!@
  line 609, col 23 to line 609, col 44 of module scheduler: 72194
@!@!@ENDMSG 2221 @!@!@
@!@!@STARTMSG 2221:0 @!@!@
  |line 609, col 23 to line 609, col 30 of module scheduler: 67250
@!@!@ENDMSG 2221 @!@!@
@!@!@STARTMSG 2221:0 @!@!@
  line 610, col 23 to line 610, col 68 of module scheduler: 4944
@!@!@ENDMSG 2221 @!@!@
@!@!@STARTMSG 2221:0 @!@!@
  line 611, col 23 to line 611, col 64 of module scheduler: 4944
@!@!@ENDMSG 2221 @!@!@
@!@!@STARTMSG 2221:0 @!@!@
  line 612, col 23 to line 618, col 62 of module scheduler: 4944
@!@!@ENDMSG 2221 @!@!@
@!@!@STARTMSG 2772:0 @!@!@
<CheckHasWork line 620, col 1 to line 620, col 18 of module scheduler>: 734:4944
@!@!@ENDMSG 2772 @!@!@
@!@!@STARTMSG 2221:0 @!@!@
  line 620, col 26 to line 620, col 50 of module scheduler: 72194
@!@!@ENDMSG 2221 @!@!@
@!@!@STARTMSG 2221:0 @!@!@
  |line 620, col 26 to line 620, col 33 of module scheduler: 67250
@!@!@ENDMSG 2221 @!@!@
@!@!@STARTMSG 2221:0 @!@!@
  line 621, col 29 to line 621, col 49 of module scheduler: 4944
@!@!@ENDMSG 2221 @!@!@
@!@!@STARTMSG 2221:0 @!@!@
  line 622, col 34 to line 622, col 96 of module scheduler: 4784
@!@!@ENDMSG 2221 @!@!@
@!@!@STARTMSG 2221:0 @!@!@
  line 623, col 34 to line 623, col 79 of module scheduler: 160
@!@!@ENDMSG 2221 @!@!@
@!@!@STARTMSG 2221:0 @!@!@
  line 624, col 26 to line 631, col 57 of module scheduler: 4944
@!@!@ENDMSG 2221 @!@!@
@!@!@STARTMSG 2772:0 @!@!@
<AttemptEnqueueFromGlobalLockLQ line 633, col 1 to line 633, col 36 of module scheduler>: 701:4784
@!@!@ENDMSG 2772 @!@!@
@!@!@STARTMSG 2221:0 @!@!@
  line 633, col 44 to line 633, col 86 of module scheduler: 72034
@!@!@ENDMSG 2221 @!@!@
@!@!@STARTMSG 2221:0 @!@!@
  |line 633, col 44 to line 633, col 51 of module scheduler: 67250
@!@!@ENDMSG 2221 @!@!@
@!@!@STARTMSG 2221:0 @!@!@
  line 634, col 44 to line 634, col 67 of module scheduler: 9568
@!@!@ENDMSG 2221 @!@!@
@!@!@STARTMSG 2221:0 @!@!@
  |line 634, col 44 to line 634, col 56 of module scheduler: 4784
@!@!@ENDMSG 2221 @!@!@
@!@!@STARTMSG 2221:0 @!@!@
  |line 634, col 60 to line 634, col 67 of module scheduler: 4784
@!@!@ENDMSG 2221 @!@!@
@!@!@STARTMSG 2221:0 @!@!@
  line 635, col 44 to line 635, col 85 of module scheduler: 4784
@!@!@ENDMSG 2221 @!@!@
@!@!@STARTMSG 2221:0 @!@!@
  line 636, col 44 to line 636, col 70 of module scheduler: 4784
@!@!@ENDMSG 2221 @!@!@
@!@!@STARTMSG 2221:0 @!@!@
  line 637, col 44 to line 637, col 103 of module scheduler: 4784
@!@!@ENDMSG 2221 @!@!@
@!@!@STARTMSG 2221:0 @!@!@
  line 638, col 44 to line 651, col 78 of module scheduler: 4784
@!@!@ENDMSG 2221 @!@!@
@!@!@STARTMSG 2772:0 @!@!@
<AttemptEnqueueFromGlobalLockGQ line 653, col 1 to line 653, col 36 of module scheduler>: 510:3080
@!@!@ENDMSG 2772 @!@!@
@!@!@STARTMSG 2221:0 @!@!@
  line 653, col 44 to line 653, col 86 of module scheduler: 70330
@!@!@ENDMSG 2221 @!@!@
@!@!@STARTMSG 2221:0 @!@!@
  |line 653, col 44 to line 653, col 51 of module scheduler: 67250
@!@!@ENDMSG 2221 @!@!@
@!@!@STARTMSG 2221:0 @!@!@
  line 654, col 44 to line 654, col 60 of module scheduler: 6400
@!@!@ENDMSG 2221 @!@!@
@!@!@STARTMSG 2221:0 @!@!@
  |line 654, col 44 to line 654, col 49 of module scheduler: 3320
@!@!@ENDMSG 2221 @!@!@
@!@!@STARTMSG 2221:0 @!@!@
  |line 654, col 53 to line 654, col 60 of module scheduler: 3320
@!@!@ENDMSG 2221 @!@!@
@!@!@STARTMSG 2221:0 @!@!@
  line 655, col 44 to line 655, col 57 of module scheduler: 3080
@!@!@ENDMSG 2221 @!@!@
@!@!@STARTMSG 2221:0 @!@!@
  line 656, col 44 to line 656, col 83 of module scheduler: 3080
@!@!@ENDMSG 2221 @!@!@
@!@!@STARTMSG 2221:0 @!@!@
  line 657, col 44 to line 657, col 102 of module scheduler: 3080
@!@!@ENDMSG 2221 @!@!@
@!@!@STARTMSG 2221:0 @!@!@
  line 658, col 44 to line 670, col 75 of module scheduler: 3080
@!@!@ENDMSG 2221 @!@!@
@!@!@STARTMSG 2772:0 @!@!@
<AttemptEnqueueFromGlobalWhile line 672, col 1 to line 672, col 35 of module scheduler>: 525:2232
@!@!@ENDMSG 2772 @!@!@
@!@!@STARTMSG 2221:0 @!@!@
  line 672, col 43 to line 672, col 84 of module scheduler: 69482
@!@!@ENDMSG 2221 @!@!@
@!@!@STARTMSG 2221:0 @!@!@
  |line 672, col 43 to line 672, col 50 of module scheduler: 67250
@!@!@ENDMSG 2221 @!@!@
@!@!@STARTMSG 2221:0 @!@!@
  line 673, col 46 to line 673, col 93 of module scheduler: 2232
@!@!@ENDMSG 2221 @!@!@
@!@!@STARTMSG 2221:0 @!@!@
  line 674, col 54 to line 674, col 90 of module scheduler: 0
@!@!@ENDMSG 2221 @!@!@
@!@!@STARTMSG 2221:0 @!@!@
  line 675, col 54 to line 675, col 106 of module scheduler: 0
@!@!@ENDMSG 2221 @!@!@
@!@!@STARTMSG 2221:0 @!@!@
  line 676, col 54 to line 676, col 93 of module scheduler: 0
@!@!@ENDMSG 2221 @!@!@
@!@!@STARTMSG 2221:0 @!@!@
  line 677, col 54 to line 677, col 112 of module scheduler: 0
@!@!@ENDMSG 2221 @!@!@
@!@!@STARTMSG 2221:0 @!@!@
  line 678, col 54 to line 678, col 113 of module scheduler: 2232
@!@!@ENDMSG 2221 @!@!@
@!@!@STARTMSG 2221:0 @!@!@
  line 679, col 54 to line 679, col 79 of module scheduler: 2232
@!@!@ENDMSG 2221 @!@!@
@!@!@STARTMSG 2221:0 @!@!@
  line 680, col 43 to line 692, col 74 of module scheduler: 2232
@!@!@ENDMSG 2221 @!@!@
@!@!@STARTMSG 2772:0 @!@!@
<AttemptEnqueueFromGlobalFinish line 694, col 1 to line 694, col 36 of module scheduler>: 359:2232
@!@!@ENDMSG 2772 @!@!@
@!@!@STARTMSG 2221:0 @!@!@
  line 694, col 44 to line 694, col 86 of module scheduler: 69482
@!@!@ENDMSG 2221 @!@!@
@!@!@STARTMSG 2221:0 @!@!@
  |line 694, col 44 to line 694, col 51 of module scheduler: 67250
@!@!@ENDMSG 2221 @!@!@
@!@!@STARTMSG 2221:0 @!@!@
  line 695, col 44 to line 695, col 61 of module scheduler: 2232
@!@!@ENDMSG 2221 @!@!@
@!@!@STARTMSG 2221:0 @!@!@
  line 696, col 44 to line 696, col 90 of module scheduler: 2232
@!@!@ENDMSG 2221 @!@!@
@!@!@STARTMSG 2221:0 @!@!@
  line 697, col 44 to line 697, col 89 of module scheduler: 2232
@!@!@ENDMSG 2221 @!@!@
@!@!@STARTMSG 2221:0 @!@!@
  line 698, col 44 to line 698, col 95 of module scheduler: 2232
@!@!@ENDMSG 2221 @!@!@
@!@!@STARTMSG 2221:0 @!@!@
  line 699, col 44 to line 712, col 75 of module scheduler: 2232
@!@!@ENDMSG 2221 @!@!@
@!@!@STARTMSG 2772:0 @!@!@
<EnqueueFromGlobalCheck line 714, col 1 to line 714, col 28 of module scheduler>: 362:2392
@!@!@ENDMSG 2772 @!@!@
@!@!@STARTMSG 2221:0 @!@!@
  line 714, col 36 to line 714, col 70 of module scheduler: 69642
@!@!@ENDMSG 2221 @!@!@
@!@!@STARTMSG 2221:0 @!@!@
  |line 714, col 36 to line 714, col 43 of module scheduler: 67250
@!@!@ENDMSG 2221 @!@!@
@!@!@STARTMSG 2221:0 @!@!@
  line 715, col 39 to line 715, col 49 of module scheduler: 2392
@!@!@ENDMSG 2221 @!@!@
@!@!@STARTMSG 2221:0 @!@!@
  line 716, col 47 to line 716, col 85 of module scheduler: 0
@!@!@ENDMSG 2221 @!@!@
@!@!@STARTMSG 2221:0 @!@!@
  line 717, col 44 to line 717, col 88 of module scheduler: 2392
@!@!@ENDMSG 2221 @!@!@
@!@!@STARTMSG 2221:0 @!@!@
  line 718, col 36 to line 727, col 75 of module scheduler: 2392
@!@!@ENDMSG 2221 @!@!@
@!@!@STARTMSG 2772:0 @!@!@
<WorkStealing line 729, col 1 to line 729, col 18 of module scheduler>: 354:2392
@!@!@ENDMSG 2772 @!@!@
@!@!@STARTMSG 2221:0 @!@!@
  line 729, col 26 to line 729, col 50 of module scheduler: 69642
@!@!@ENDMSG 2221 @!@!@
@!@!@STARTMSG 2221:0 @!@!@
  |line 729, col 26 to line 729, col 33 of module scheduler: 67250
@!@!@ENDMSG 2221 @!@!@
@!@!@STARTMSG 2221:0 @!@!@
  line 730, col 26 to line 730, col 64 of module scheduler: 2392
@!@!@ENDMSG 2221 @!@!@
@!@!@STARTMSG 2221:0 @!@!@
  line 731, col 26 to line 738, col 57 of module scheduler: 2392
@!@!@ENDMSG 2221 @!@!@
@!@!@STARTMSG 2772:0 @!@!@
<Has_Work_Loop line 740, col 1 to line 740, col 19 of module scheduler>: 347:1088
@!@!@ENDMSG 2772 @!@!@
@!@!@STARTMSG 2221:0 @!@!@
  line 740, col 27 to line 740, col 52 of module scheduler: 68338
@!@!@ENDMSG 2221 @!@!@
@!@!@STARTMSG 2221:0 @!@!@
  |line 740, col 27 to line 740, col 34 of module scheduler: 67250
@!@!@ENDMSG 2221 @!@!@
@!@!@STARTMSG 2221:0 @!@!@
  line 741, col 30 to line 741, col 49 of module scheduler: 1088
@!@!@ENDMSG 2221 @!@!@
@!@!@STARTMSG 2221:0 @!@!@
  line 742, col 35 to line 742, col 79 of module scheduler: 160
@!@!@ENDMSG 2221 @!@!@
@!@!@STARTMSG 2221:0 @!@!@
  line 743, col 35 to line 743, col 79 of module scheduler: 928
@!@!@ENDMSG 2221 @!@!@
@!@!@STARTMSG 2221:0 @!@!@
  line 744, col 27 to line 751, col 58 of module scheduler: 1088
@!@!@ENDMSG 2221 @!@!@
@!@!@STARTMSG 2772:0 @!@!@
<DoFuturePoll line 753, col 1 to line 753, col 18 of module scheduler>: 5:160
@!@!@ENDMSG 2772 @!@!@
@!@!@STARTMSG 2221:0 @!@!@
  line 753, col 26 to line 753, col 50 of module scheduler: 67410
@!@!@ENDMSG 2221 @!@!@
@!@!@STARTMSG 2221:0 @!@!@
  |line 753, col 26 to line 753, col 33 of module scheduler: 67250
@!@!@ENDMSG 2221 @!@!@
@!@!@STARTMSG 2221:0 @!@!@
  line 754, col 26 to line 754, col 85 of module scheduler: 160
@!@!@ENDMSG 2221 @!@!@
@!@!@STARTMSG 2221:0 @!@!@
  line 755, col 26 to line 755, col 68 of module scheduler: 160
@!@!@ENDMSG 2221 @!@!@
@!@!@STARTMSG 2221:0 @!@!@
  line 756, col 26 to line 763, col 57 of module scheduler: 160
@!@!@ENDMSG 2221 @!@!@
@!@!@STARTMSG 2772:0 @!@!@
<ProcessStatus line 765, col 1 to line 765, col 19 of module scheduler>: 156:160
@!@!@ENDMSG 2772 @!@!@
@!@!@STARTMSG 2221:0 @!@!@
  line 765, col 27 to line 765, col 52 of module scheduler: 67410
@!@!@ENDMSG 2221 @!@!@
@!@!@STARTMSG 2221:0 @!@!@
  |line 765, col 27 to line 765, col 34 of module scheduler: 67250
@!@!@ENDMSG 2221 @!@!@
@!@!@STARTMSG 2221:0 @!@!@
  line 766, col 27 to line 766, col 64 of module scheduler: 640
@!@!@ENDMSG 2221 @!@!@
@!@!@STARTMSG 2221:0 @!@!@
  |line 766, col 27 to line 766, col 52 of module scheduler: 480
@!@!@ENDMSG 2221 @!@!@
@!@!@STARTMSG 2221:0 @!@!@
  |line 766, col 56 to line 766, col 64 of module scheduler: 480
@!@!@ENDMSG 2221 @!@!@
@!@!@STARTMSG 2221:0 @!@!@
  line 767, col 30 to line 767, col 68 of module scheduler: 160
@!@!@ENDMSG 2221 @!@!@
@!@!@STARTMSG 2221:0 @!@!@
  line 768, col 38 to line 768, col 96 of module scheduler: 0
@!@!@ENDMSG 2221 @!@!@
@!@!@STARTMSG 2221:0 @!@!@
  line 769, col 38 to line 769, col 60 of module scheduler: 0
@!@!@ENDMSG 2221 @!@!@
@!@!@STARTMSG 2221:0 @!@!@
  line 770, col 35 to line 771, col 71 of module scheduler: 160
@!@!@ENDMSG 2221 @!@!@
@!@!@STARTMSG 2221:0 @!@!@
  line 772, col 27 to line 772, col 64 of module scheduler: 160
@!@!@ENDMSG 2221 @!@!@
@!@!@STARTMSG 2221:0 @!@!@
  line 773, col 27 to line 780, col 58 of module scheduler: 160
@!@!@ENDMSG 2221 @!@!@
@!@!@STARTMSG 2772:0 @!@!@
<LQ_Lock2 line 782, col 1 to line 782, col 14 of module scheduler>: 327:928
@!@!@ENDMSG 2772 @!@!@
@!@!@STARTMSG 2221:0 @!@!@
  line 782, col 22 to line 782, col 42 of module scheduler: 68178
@!@!@ENDMSG 2221 @!@!@
@!@!@STARTMSG 2221:0 @!@!@
  |line 782, col 22 to line 782, col 29 of module scheduler: 67250
@!@!@ENDMSG 2221 @!@!@
@!@!@STARTMSG 2221:0 @!@!@
  line 783, col 22 to line 783, col 45 of module scheduler: 1856
@!@!@ENDMSG 2221 @!@!@
@!@!@STARTMSG 2221:0 @!@!@
  |line 783, col 22 to line 783, col 34 of module scheduler: 928
@!@!@ENDMSG 2221 @!@!@
@!@!@STARTMSG 2221:0 @!@!@
  |line 783, col 38 to line 783, col 45 of module scheduler: 928
@!@!@ENDMSG 2221 @!@!@
@!@!@STARTMSG 2221:0 @!@!@
  line 784, col 22 to line 784, col 63 of module scheduler: 928
@!@!@ENDMSG 2221 @!@!@
@!@!@STARTMSG 2221:0 @!@!@
  line 785, col 22 to line 785, col 59 of module scheduler: 928
@!@!@ENDMSG 2221 @!@!@
@!@!@STARTMSG 2221:0 @!@!@
  line 786, col 22 to line 792, col 53 of module scheduler: 928
@!@!@ENDMSG 2221 @!@!@
@!@!@STARTMSG 2772:0 @!@!@
<LQ_Pull2 line 794, col 1 to line 794, col 14 of module scheduler>: 329:928
@!@!@ENDMSG 2772 @!@!@
@!@!@STARTMSG 2221:0 @!@!@
  line 794, col 22 to line 794, col 42 of module scheduler: 68178
@!@!@ENDMSG 2221 @!@!@
@!@!@STARTMSG 2221:0 @!@!@
  |line 794, col 22 to line 794, col 29 of module scheduler: 67250
@!@!@ENDMSG 2221 @!@!@
@!@!@STARTMSG 2221:0 @!@!@
  line 795, col 25 to line 795, col 42 of module scheduler: 928
@!@!@ENDMSG 2221 @!@!@
@!@!@STARTMSG 2221:0 @!@!@
  line 796, col 33 to line 796, col 76 of module scheduler: 0
@!@!@ENDMSG 2221 @!@!@
@!@!@STARTMSG 2221:0 @!@!@
  line 797, col 30 to line 797, col 77 of module scheduler: 928
@!@!@ENDMSG 2221 @!@!@
@!@!@STARTMSG 2221:0 @!@!@
  line 798, col 22 to line 804, col 53 of module scheduler: 928
@!@!@ENDMSG 2221 @!@!@
@!@!@STARTMSG 2772:0 @!@!@
<LQ_Pull_Empty2 line 806, col 1 to line 806, col 20 of module scheduler>: 0:0
@!@!@ENDMSG 2772 @!@!@
@!@!@STARTMSG 2221:0 @!@!@
  line 806, col 28 to line 806, col 54 of module scheduler: 67250
@!@!@ENDMSG 2221 @!@!@
@!@!@STARTMSG 2221:0 @!@!@
  line 807, col 28 to line 807, col 70 of module scheduler: 0
@!@!@ENDMSG 2221 @!@!@
@!@!@STARTMSG 2221:0 @!@!@
  line 808, col 28 to line 808, col 67 of module scheduler: 0
@!@!@ENDMSG 2221 @!@!@
@!@!@STARTMSG 2221:0 @!@!@
  line 809, col 28 to line 815, col 78 of module scheduler: 0
@!@!@ENDMSG 2221 @!@!@
@!@!@STARTMSG 2772:0 @!@!@
<UpdateLQAClock2 line 817, col 1 to line 817, col 21 of module scheduler>: 329:928
@!@!@ENDMSG 2772 @!@!@
@!@!@STARTMSG 2221:0 @!@!@
  line 817, col 29 to line 817, col 56 of module scheduler: 68178
@!@!@ENDMSG 2221 @!@!@
@!@!@STARTMSG 2221:0 @!@!@
  |line 817, col 29 to line 817, col 36 of module scheduler: 67250
@!@!@ENDMSG 2221 @!@!@
@!@!@STARTMSG 2221:0 @!@!@
  line 818, col 32 to line 818, col 62 of module scheduler: 928
@!@!@ENDMSG 2221 @!@!@
@!@!@STARTMSG 2221:0 @!@!@
  line 819, col 37 to line 821, col 82 of module scheduler: 928
@!@!@ENDMSG 2221 @!@!@
@!@!@STARTMSG 2221:0 @!@!@
  line 822, col 40 to line 822, col 87 of module scheduler: 0
@!@!@ENDMSG 2221 @!@!@
@!@!@STARTMSG 2221:0 @!@!@
  line 823, col 40 to line 823, col 71 of module scheduler: 0
@!@!@ENDMSG 2221 @!@!@
@!@!@STARTMSG 2221:0 @!@!@
  line 824, col 29 to line 831, col 60 of module scheduler: 928
@!@!@ENDMSG 2221 @!@!@
@!@!@STARTMSG 2772:0 @!@!@
<IncrementLQAClocK2 line 833, col 1 to line 833, col 24 of module scheduler>: 0:0
@!@!@ENDMSG 2772 @!@!@
@!@!@STARTMSG 2221:0 @!@!@
  line 833, col 32 to line 833, col 62 of module scheduler: 67250
@!@!@ENDMSG 2221 @!@!@
@!@!@STARTMSG 2221:0 @!@!@
  line 834, col 32 to line 834, col 89 of module scheduler: 0
@!@!@ENDMSG 2221 @!@!@
@!@!@STARTMSG 2221:0 @!@!@
  line 835, col 32 to line 835, col 93 of module scheduler: 0
@!@!@ENDMSG 2221 @!@!@
@!@!@STARTMSG 2221:0 @!@!@
  line 836, col 32 to line 836, col 90 of module scheduler: 0
@!@!@ENDMSG 2221 @!@!@
@!@!@STARTMSG 2221:0 @!@!@
  line 837, col 32 to line 837, col 73 of module scheduler: 0
@!@!@ENDMSG 2221 @!@!@
@!@!@STARTMSG 2221:0 @!@!@
  line 838, col 32 to line 838, col 71 of module scheduler: 0
@!@!@ENDMSG 2221 @!@!@
@!@!@STARTMSG 2221:0 @!@!@
  line 839, col 32 to line 847, col 63 of module scheduler: 0
@!@!@ENDMSG 2221 @!@!@
@!@!@STARTMSG 2772:0 @!@!@
<LQ_Unlock2 line 849, col 1 to line 849, col 16 of module scheduler>: 0:0
@!@!@ENDMSG 2772 @!@!@
@!@!@STARTMSG 2221:0 @!@!@
  line 849, col 24 to line 849, col 46 of module scheduler: 67250
@!@!@ENDMSG 2221 @!@!@
@!@!@STARTMSG 2221:0 @!@!@
  line 850, col 24 to line 850, col 69 of module scheduler: 0
@!@!@ENDMSG 2221 @!@!@
@!@!@STARTMSG 2221:0 @!@!@
  line 851, col 24 to line 851, col 66 of module scheduler: 0
@!@!@ENDMSG 2221 @!@!@
@!@!@STARTMSG 2221:0 @!@!@
  line 852, col 24 to line 858, col 63 of module scheduler: 0
@!@!@ENDMSG 2221 @!@!@
@!@!@STARTMSG 2772:0 @!@!@
<FlushBlocked line 860, col 1 to line 860, col 18 of module scheduler>: 350:928
@!@!@ENDMSG 2772 @!@!@
@!@!@STARTMSG 2221:0 @!@!@
  line 860, col 26 to line 860, col 50 of module scheduler: 68178
@!@!@ENDMSG 2221 @!@!@
@!@!@STARTMSG 2221:0 @!@!@
  |line 860, col 26 to line 860, col 33 of module scheduler: 67250
@!@!@ENDMSG 2221 @!@!@
@!@!@STARTMSG 2221:0 @!@!@
  line 861, col 26 to line 861, col 49 of module scheduler: 1856
@!@!@ENDMSG 2221 @!@!@
@!@!@STARTMSG 2221:0 @!@!@
  |line 861, col 26 to line 861, col 38 of module scheduler: 928
@!@!@ENDMSG 2221 @!@!@
@!@!@STARTMSG 2221:0 @!@!@
  |line 861, col 42 to line 861, col 49 of module scheduler: 928
@!@!@ENDMSG 2221 @!@!@
@!@!@STARTMSG 2221:0 @!@!@
  line 862, col 26 to line 862, col 67 of module scheduler: 928
@!@!@ENDMSG 2221 @!@!@
@!@!@STARTMSG 2221:0 @!@!@
  line 863, col 26 to line 863, col 54 of module scheduler: 928
@!@!@ENDMSG 2221 @!@!@
@!@!@STARTMSG 2221:0 @!@!@
  line 864, col 26 to line 864, col 52 of module scheduler: 928
@!@!@ENDMSG 2221 @!@!@
@!@!@STARTMSG 2221:0 @!@!@
  line 865, col 26 to line 865, col 68 of module scheduler: 928
@!@!@ENDMSG 2221 @!@!@
@!@!@STARTMSG 2221:0 @!@!@
  line 866, col 26 to line 872, col 78 of module scheduler: 928
@!@!@ENDMSG 2221 @!@!@
@!@!@STARTMSG 2772:0 @!@!@
<LQ_Flush_Loop line 874, col 1 to line 874, col 19 of module scheduler>: 694:1856
@!@!@ENDMSG 2772 @!@!@
@!@!@STARTMSG 2221:0 @!@!@
  line 874, col 27 to line 874, col 52 of module scheduler: 69106
@!@!@ENDMSG 2221 @!@!@
@!@!@STARTMSG 2221:0 @!@!@
  |line 874, col 27 to line 874, col 34 of module scheduler: 67250
@!@!@ENDMSG 2221 @!@!@
@!@!@STARTMSG 2221:0 @!@!@
  line 875, col 30 to line 875, col 55 of module scheduler: 1856
@!@!@ENDMSG 2221 @!@!@
@!@!@STARTMSG 2221:0 @!@!@
  line 876, col 38 to line 876, col 86 of module scheduler: 928
@!@!@ENDMSG 2221 @!@!@
@!@!@STARTMSG 2221:0 @!@!@
  line 877, col 38 to line 877, col 55 of module scheduler: 928
@!@!@ENDMSG 2221 @!@!@
@!@!@STARTMSG 2221:0 @!@!@
  line 878, col 35 to line 879, col 81 of module scheduler: 928
@!@!@ENDMSG 2221 @!@!@
@!@!@STARTMSG 2221:0 @!@!@
  line 880, col 27 to line 887, col 58 of module scheduler: 1856
@!@!@ENDMSG 2221 @!@!@
@!@!@STARTMSG 2772:0 @!@!@
<LQ_Flush_Loop_Inner line 889, col 1 to line 889, col 25 of module scheduler>: 342:928
@!@!@ENDMSG 2772 @!@!@
@!@!@STARTMSG 2221:0 @!@!@
  line 889, col 33 to line 889, col 64 of module scheduler: 68178
@!@!@ENDMSG 2221 @!@!@
@!@!@STARTMSG 2221:0 @!@!@
  |line 889, col 33 to line 889, col 40 of module scheduler: 67250
@!@!@ENDMSG 2221 @!@!@
@!@!@STARTMSG 2221:0 @!@!@
  line 890, col 36 to line 890, col 65 of module scheduler: 928
@!@!@ENDMSG 2221 @!@!@
@!@!@STARTMSG 2221:0 @!@!@
  line 891, col 41 to line 891, col 86 of module scheduler: 928
@!@!@ENDMSG 2221 @!@!@
@!@!@STARTMSG 2221:0 @!@!@
  line 892, col 44 to line 892, col 90 of module scheduler: 0
@!@!@ENDMSG 2221 @!@!@
@!@!@STARTMSG 2221:0 @!@!@
  line 893, col 33 to line 901, col 64 of module scheduler: 928
@!@!@ENDMSG 2221 @!@!@
@!@!@STARTMSG 2772:0 @!@!@
<LQ_Flush_Continue line 903, col 1 to line 903, col 23 of module scheduler>: 0:0
@!@!@ENDMSG 2772 @!@!@
@!@!@STARTMSG 2221:0 @!@!@
  line 903, col 31 to line 903, col 60 of module scheduler: 67250
@!@!@ENDMSG 2221 @!@!@
@!@!@STARTMSG 2221:0 @!@!@
  line 905, col 42 to line 905, col 78 of module scheduler: 0
@!@!@ENDMSG 2221 @!@!@
@!@!@STARTMSG 2221:0 @!@!@
  line 906, col 42 to line 906, col 100 of module scheduler: 0
@!@!@ENDMSG 2221 @!@!@
@!@!@STARTMSG 2221:0 @!@!@
  line 907, col 42 to line 907, col 51 of module scheduler: 0
@!@!@ENDMSG 2221 @!@!@
@!@!@STARTMSG 2221:0 @!@!@
  line 909, col 53 to line 909, col 117 of module scheduler: 0
@!@!@ENDMSG 2221 @!@!@
@!@!@STARTMSG 2221:0 @!@!@
  line 911, col 53 to line 911, col 62 of module scheduler: 0
@!@!@ENDMSG 2221 @!@!@
@!@!@STARTMSG 2221:0 @!@!@
  line 912, col 42 to line 912, col 63 of module scheduler: 0
@!@!@ENDMSG 2221 @!@!@
@!@!@STARTMSG 2221:0 @!@!@
  line 913, col 31 to line 913, col 73 of module scheduler: 0
@!@!@ENDMSG 2221 @!@!@
@!@!@STARTMSG 2221:0 @!@!@
  line 914, col 31 to line 921, col 74 of module scheduler: 0
@!@!@ENDMSG 2221 @!@!@
@!@!@STARTMSG 2772:0 @!@!@
<LQ_Flush_Step line 923, col 1 to line 923, col 19 of module scheduler>: 342:928
@!@!@ENDMSG 2772 @!@!@
@!@!@STARTMSG 2221:0 @!@!@
  line 923, col 27 to line 923, col 52 of module scheduler: 68178
@!@!@ENDMSG 2221 @!@!@
@!@!@STARTMSG 2221:0 @!@!@
  |line 923, col 27 to line 923, col 34 of module scheduler: 67250
@!@!@ENDMSG 2221 @!@!@
@!@!@STARTMSG 2221:0 @!@!@
  line 924, col 27 to line 924, col 66 of module scheduler: 928
@!@!@ENDMSG 2221 @!@!@
@!@!@STARTMSG 2221:0 @!@!@
  line 925, col 27 to line 925, col 69 of module scheduler: 928
@!@!@ENDMSG 2221 @!@!@
@!@!@STARTMSG 2221:0 @!@!@
  line 926, col 27 to line 933, col 58 of module scheduler: 928
@!@!@ENDMSG 2221 @!@!@
@!@!@STARTMSG 2772:0 @!@!@
<LQ_Reset_Clock line 935, col 1 to line 935, col 20 of module scheduler>: 355:928
@!@!@ENDMSG 2772 @!@!@
@!@!@STARTMSG 2221:0 @!@!@
  line 935, col 28 to line 935, col 54 of module scheduler: 68178
@!@!@ENDMSG 2221 @!@!@
@!@!@STARTMSG 2221:0 @!@!@
  |line 935, col 28 to line 935, col 35 of module scheduler: 67250
@!@!@ENDMSG 2221 @!@!@
@!@!@STARTMSG 2221:0 @!@!@
  line 936, col 28 to line 936, col 68 of module scheduler: 928
@!@!@ENDMSG 2221 @!@!@
@!@!@STARTMSG 2221:0 @!@!@
  line 937, col 28 to line 937, col 67 of module scheduler: 928
@!@!@ENDMSG 2221 @!@!@
@!@!@STARTMSG 2221:0 @!@!@
  line 938, col 28 to line 945, col 59 of module scheduler: 928
@!@!@ENDMSG 2221 @!@!@
@!@!@STARTMSG 2772:0 @!@!@
<LQ_Unlock3 line 947, col 1 to line 947, col 16 of module scheduler>: 358:928
@!@!@ENDMSG 2772 @!@!@
@!@!@STARTMSG 2221:0 @!@!@
  line 947, col 24 to line 947, col 46 of module scheduler: 68178
@!@!@ENDMSG 2221 @!@!@
@!@!@STARTMSG 2221:0 @!@!@
  |line 947, col 24 to line 947, col 31 of module scheduler: 67250
@!@!@ENDMSG 2221 @!@!@
@!@!@STARTMSG 2221:0 @!@!@
  line 948, col 24 to line 948, col 69 of module scheduler: 928
@!@!@ENDMSG 2221 @!@!@
@!@!@STARTMSG 2221:0 @!@!@
  line 949, col 24 to line 949, col 62 of module scheduler: 928
@!@!@ENDMSG 2221 @!@!@
@!@!@STARTMSG 2221:0 @!@!@
  line 950, col 24 to line 956, col 63 of module scheduler: 928
@!@!@ENDMSG 2221 @!@!@
@!@!@STARTMSG 2772:0 @!@!@
<WFinish line 958, col 1 to line 958, col 13 of module scheduler>: 965:3776
@!@!@ENDMSG 2772 @!@!@
@!@!@STARTMSG 2221:0 @!@!@
  line 958, col 21 to line 958, col 40 of module scheduler: 71026
@!@!@ENDMSG 2221 @!@!@
@!@!@STARTMSG 2221:0 @!@!@
  |line 958, col 21 to line 958, col 28 of module scheduler: 67250
@!@!@ENDMSG 2221 @!@!@
@!@!@STARTMSG 2221:0 @!@!@
  line 959, col 21 to line 959, col 24 of module scheduler: 3776
@!@!@ENDMSG 2221 @!@!@
@!@!@STARTMSG 2221:0 @!@!@
  line 960, col 21 to line 960, col 54 of module scheduler: 3776
@!@!@ENDMSG 2221 @!@!@
@!@!@STARTMSG 2221:0 @!@!@
  line 961, col 21 to line 967, col 52 of module scheduler: 3776
@!@!@ENDMSG 2221 @!@!@
@!@!@STARTMSG 2772:0 @!@!@
<TPPLoop line 988, col 1 to line 988, col 13 of module scheduler>: 1509:20250
@!@!@ENDMSG 2772 @!@!@
@!@!@STARTMSG 2221:0 @!@!@
  line 988, col 21 to line 988, col 40 of module scheduler: 87500
@!@!@ENDMSG 2221 @!@!@
@!@!@STARTMSG 2221:0 @!@!@
  |line 988, col 21 to line 988, col 28 of module scheduler: 67250
@!@!@ENDMSG 2221 @!@!@
@!@!@STARTMSG 2221:0 @!@!@
  line 989, col 21 to line 989, col 58 of module scheduler: 20250
@!@!@ENDMSG 2221 @!@!@
@!@!@STARTMSG 2221:0 @!@!@
  line 990, col 21 to line 996, col 52 of module scheduler: 20250
@!@!@ENDMSG 2221 @!@!@
@!@!@STARTMSG 2772:0 @!@!@
<TPPStart line 998, col 1 to line 998, col 14 of module scheduler>: 9097:13376
@!@!@ENDMSG 2772 @!@!@
@!@!@STARTMSG 2221:0 @!@!@
  line 998, col 22 to line 998, col 42 of module scheduler: 80626
@!@!@ENDMSG 2221 @!@!@
@!@!@STARTMSG 2221:0 @!@!@
  |line 998, col 22 to line 998, col 29 of module scheduler: 67250
@!@!@ENDMSG 2221 @!@!@
@!@!@STARTMSG 2221:0 @!@!@
  line 999, col 22 to line 999, col 54 of module scheduler: 20248
@!@!@ENDMSG 2221 @!@!@
@!@!@STARTMSG 2221:0 @!@!@
  line 999, col 59 to line 999, col 67 of module scheduler: 13376
@!@!@ENDMSG 2221 @!@!@
@!@!@STARTMSG 2221:0 @!@!@
  line 1000, col 25 to line 1000, col 33 of module scheduler: 13376
@!@!@ENDMSG 2221 @!@!@
@!@!@STARTMSG 2221:0 @!@!@
  line 1001, col 33 to line 1001, col 69 of module scheduler: 13376
@!@!@ENDMSG 2221 @!@!@
@!@!@STARTMSG 2221:0 @!@!@
  line 1002, col 33 to line 1002, col 66 of module scheduler: 13376
@!@!@ENDMSG 2221 @!@!@
@!@!@STARTMSG 2221:0 @!@!@
  line 1003, col 33 to line 1003, col 66 of module scheduler: 0
@!@!@ENDMSG 2221 @!@!@
@!@!@STARTMSG 2221:0 @!@!@
  line 1004, col 33 to line 1004, col 76 of module scheduler: 0
@!@!@ENDMSG 2221 @!@!@
@!@!@STARTMSG 2221:0 @!@!@
  line 1005, col 33 to line 1005, col 71 of module scheduler: 0
@!@!@ENDMSG 2221 @!@!@
@!@!@STARTMSG 2221:0 @!@!@
  line 1006, col 22 to line 1011, col 76 of module scheduler: 13376
@!@!@ENDMSG 2221 @!@!@
@!@!@STARTMSG 2772:0 @!@!@
<TPPLockLQ line 1013, col 1 to line 1013, col 15 of module scheduler>: 0:0
@!@!@ENDMSG 2772 @!@!@
@!@!@STARTMSG 2221:0 @!@!@
  line 1013, col 23 to line 1013, col 44 of module scheduler: 67250
@!@!@ENDMSG 2221 @!@!@
@!@!@STARTMSG 2221:0 @!@!@
  line 1015, col 23 to line 1015, col 72 of module scheduler: 0
@!@!@ENDMSG 2221 @!@!@
@!@!@STARTMSG 2221:0 @!@!@
  line 1016, col 23 to line 1016, col 66 of module scheduler: 0
@!@!@ENDMSG 2221 @!@!@
@!@!@STARTMSG 2221:0 @!@!@
  line 1017, col 23 to line 1023, col 62 of module scheduler: 0
@!@!@ENDMSG 2221 @!@!@
@!@!@STARTMSG 2772:0 @!@!@
<TPPCheckLQSize line 1025, col 1 to line 1025, col 20 of module scheduler>: 0:0
@!@!@ENDMSG 2772 @!@!@
@!@!@STARTMSG 2221:0 @!@!@
  line 1025, col 28 to line 1025, col 54 of module scheduler: 67250
@!@!@ENDMSG 2221 @!@!@
@!@!@STARTMSG 2221:0 @!@!@
  line 1027, col 39 to line 1027, col 77 of module scheduler: 0
@!@!@ENDMSG 2221 @!@!@
@!@!@STARTMSG 2221:0 @!@!@
  line 1028, col 39 to line 1028, col 77 of module scheduler: 0
@!@!@ENDMSG 2221 @!@!@
@!@!@STARTMSG 2221:0 @!@!@
  line 1029, col 28 to line 1036, col 59 of module scheduler: 0
@!@!@ENDMSG 2221 @!@!@
@!@!@STARTMSG 2772:0 @!@!@
<TPPLockGQ line 1038, col 1 to line 1038, col 15 of module scheduler>: 0:0
@!@!@ENDMSG 2772 @!@!@
@!@!@STARTMSG 2221:0 @!@!@
  line 1038, col 23 to line 1038, col 44 of module scheduler: 67250
@!@!@ENDMSG 2221 @!@!@
@!@!@STARTMSG 2221:0 @!@!@
  line 1040, col 23 to line 1040, col 40 of module scheduler: 0
@!@!@ENDMSG 2221 @!@!@
@!@!@STARTMSG 2221:0 @!@!@
  line 1041, col 23 to line 1041, col 49 of module scheduler: 0
@!@!@ENDMSG 2221 @!@!@
@!@!@STARTMSG 2221:0 @!@!@
  line 1042, col 23 to line 1042, col 65 of module scheduler: 0
@!@!@ENDMSG 2221 @!@!@
@!@!@STARTMSG 2221:0 @!@!@
  line 1043, col 23 to line 1049, col 59 of module scheduler: 0
@!@!@ENDMSG 2221 @!@!@
@!@!@STARTMSG 2772:0 @!@!@
<TPPPushGQLoop line 1051, col 1 to line 1051, col 19 of module scheduler>: 0:0
@!@!@ENDMSG 2772 @!@!@
@!@!@STARTMSG 2221:0 @!@!@
  line 1051, col 27 to line 1051, col 52 of module scheduler: 67250
@!@!@ENDMSG 2221 @!@!@
@!@!@STARTMSG 2221:0 @!@!@
  line 1053, col 38 to line 1053, col 87 of module scheduler: 0
@!@!@ENDMSG 2221 @!@!@
@!@!@STARTMSG 2221:0 @!@!@
  line 1054, col 38 to line 1054, col 78 of module scheduler: 0
@!@!@ENDMSG 2221 @!@!@
@!@!@STARTMSG 2221:0 @!@!@
  line 1055, col 27 to line 1062, col 58 of module scheduler: 0
@!@!@ENDMSG 2221 @!@!@
@!@!@STARTMSG 2772:0 @!@!@
<TPPPushGQStatusCheck line 1064, col 1 to line 1064, col 26 of module scheduler>: 0:0
@!@!@ENDMSG 2772 @!@!@
@!@!@STARTMSG 2221:0 @!@!@
  line 1064, col 34 to line 1064, col 66 of module scheduler: 67250
@!@!@ENDMSG 2221 @!@!@
@!@!@STARTMSG 2221:0 @!@!@
  line 1066, col 45 to line 1066, col 92 of module scheduler: 0
@!@!@ENDMSG 2221 @!@!@
@!@!@STARTMSG 2221:0 @!@!@
  line 1067, col 45 to line 1067, col 92 of module scheduler: 0
@!@!@ENDMSG 2221 @!@!@
@!@!@STARTMSG 2221:0 @!@!@
  line 1068, col 34 to line 1076, col 65 of module scheduler: 0
@!@!@ENDMSG 2221 @!@!@
@!@!@STARTMSG 2772:0 @!@!@
<TPPPushTaskNotNull line 1078, col 1 to line 1078, col 24 of module scheduler>: 0:0
@!@!@ENDMSG 2772 @!@!@
@!@!@STARTMSG 2221:0 @!@!@
  line 1078, col 32 to line 1078, col 62 of module scheduler: 67250
@!@!@ENDMSG 2221 @!@!@
@!@!@STARTMSG 2221:0 @!@!@
  line 1080, col 43 to line 1080, col 64 of module scheduler: 0
@!@!@ENDMSG 2221 @!@!@
@!@!@STARTMSG 2221:0 @!@!@
  line 1081, col 43 to line 1081, col 113 of module scheduler: 0
@!@!@ENDMSG 2221 @!@!@
@!@!@STARTMSG 2221:0 @!@!@
  line 1082, col 43 to line 1082, col 93 of module scheduler: 0
@!@!@ENDMSG 2221 @!@!@
@!@!@STARTMSG 2221:0 @!@!@
  line 1083, col 43 to line 1083, col 70 of module scheduler: 0
@!@!@ENDMSG 2221 @!@!@
@!@!@STARTMSG 2221:0 @!@!@
  line 1085, col 54 to line 1085, col 75 of module scheduler: 0
@!@!@ENDMSG 2221 @!@!@
@!@!@STARTMSG 2221:0 @!@!@
  line 1086, col 54 to line 1086, col 109 of module scheduler: 0
@!@!@ENDMSG 2221 @!@!@
@!@!@STARTMSG 2221:0 @!@!@
  line 1087, col 54 to line 1087, col 104 of module scheduler: 0
@!@!@ENDMSG 2221 @!@!@
@!@!@STARTMSG 2221:0 @!@!@
  line 1089, col 54 to line 1090, col 72 of module scheduler: 0
@!@!@ENDMSG 2221 @!@!@
@!@!@STARTMSG 2221:0 @!@!@
  line 1091, col 43 to line 1091, col 70 of module scheduler: 0
@!@!@ENDMSG 2221 @!@!@
@!@!@STARTMSG 2221:0 @!@!@
  line 1092, col 32 to line 1092, col 79 of module scheduler: 0
@!@!@ENDMSG 2221 @!@!@
@!@!@STARTMSG 2221:0 @!@!@
  line 1093, col 32 to line 1100, col 63 of module scheduler: 0
@!@!@ENDMSG 2221 @!@!@
@!@!@STARTMSG 2772:0 @!@!@
<TPPGQPushWhileStep line 1102, col 1 to line 1102, col 24 of module scheduler>: 0:0
@!@!@ENDMSG 2772 @!@!@
@!@!@STARTMSG 2221:0 @!@!@
  line 1102, col 32 to line 1102, col 62 of module scheduler: 67250
@!@!@ENDMSG 2221 @!@!@
@!@!@STARTMSG 2221:0 @!@!@
  line 1103, col 32 to line 1103, col 68 of module scheduler: 0
@!@!@ENDMSG 2221 @!@!@
@!@!@STARTMSG 2221:0 @!@!@
  line 1104, col 32 to line 1104, col 74 of module scheduler: 0
@!@!@ENDMSG 2221 @!@!@
@!@!@STARTMSG 2221:0 @!@!@
  line 1105, col 32 to line 1113, col 63 of module scheduler: 0
@!@!@ENDMSG 2221 @!@!@
@!@!@STARTMSG 2772:0 @!@!@
<TPPUnlockGQ line 1115, col 1 to line 1115, col 17 of module scheduler>: 0:0
@!@!@ENDMSG 2772 @!@!@
@!@!@STARTMSG 2221:0 @!@!@
  line 1115, col 25 to line 1115, col 48 of module scheduler: 67250
@!@!@ENDMSG 2221 @!@!@
@!@!@STARTMSG 2221:0 @!@!@
  line 1116, col 25 to line 1116, col 42 of module scheduler: 0
@!@!@ENDMSG 2221 @!@!@
@!@!@STARTMSG 2221:0 @!@!@
  line 1117, col 25 to line 1117, col 63 of module scheduler: 0
@!@!@ENDMSG 2221 @!@!@
@!@!@STARTMSG 2221:0 @!@!@
  line 1118, col 25 to line 1124, col 64 of module scheduler: 0
@!@!@ENDMSG 2221 @!@!@
@!@!@STARTMSG 2772:0 @!@!@
<TPPPushLQ line 1126, col 1 to line 1126, col 15 of module scheduler>: 0:0
@!@!@ENDMSG 2772 @!@!@
@!@!@STARTMSG 2221:0 @!@!@
  line 1126, col 23 to line 1126, col 44 of module scheduler: 67250
@!@!@ENDMSG 2221 @!@!@
@!@!@STARTMSG 2221:0 @!@!@
  line 1127, col 23 to line 1127, col 88 of module scheduler: 0
@!@!@ENDMSG 2221 @!@!@
@!@!@STARTMSG 2221:0 @!@!@
  line 1128, col 23 to line 1128, col 149 of module scheduler: 0
@!@!@ENDMSG 2221 @!@!@
@!@!@STARTMSG 2221:0 @!@!@
  line 1129, col 23 to line 1129, col 82 of module scheduler: 0
@!@!@ENDMSG 2221 @!@!@
@!@!@STARTMSG 2221:0 @!@!@
  line 1130, col 23 to line 1136, col 62 of module scheduler: 0
@!@!@ENDMSG 2221 @!@!@
@!@!@STARTMSG 2772:0 @!@!@
<TPPReleaseLockLQAndClearFuture line 1138, col 1 to line 1138, col 36 of module scheduler>: 0:0
@!@!@ENDMSG 2772 @!@!@
@!@!@STARTMSG 2221:0 @!@!@
  line 1138, col 44 to line 1138, col 86 of module scheduler: 67250
@!@!@ENDMSG 2221 @!@!@
@!@!@STARTMSG 2221:0 @!@!@
  line 1139, col 44 to line 1139, col 93 of module scheduler: 0
@!@!@ENDMSG 2221 @!@!@
@!@!@STARTMSG 2221:0 @!@!@
  line 1140, col 44 to line 1140, col 101 of module scheduler: 0
@!@!@ENDMSG 2221 @!@!@
@!@!@STARTMSG 2221:0 @!@!@
  line 1141, col 44 to line 1141, col 80 of module scheduler: 0
@!@!@ENDMSG 2221 @!@!@
@!@!@STARTMSG 2221:0 @!@!@
  line 1142, col 44 to line 1156, col 75 of module scheduler: 0
@!@!@ENDMSG 2221 @!@!@
@!@!@STARTMSG 2772:0 @!@!@
<TPPDone line 1158, col 1 to line 1158, col 13 of module scheduler>: 9629:13376
@!@!@ENDMSG 2772 @!@!@
@!@!@STARTMSG 2221:0 @!@!@
  line 1158, col 21 to line 1158, col 40 of module scheduler: 80626
@!@!@ENDMSG 2221 @!@!@
@!@!@STARTMSG 2221:0 @!@!@
  |line 1158, col 21 to line 1158, col 28 of module scheduler: 67250
@!@!@ENDMSG 2221 @!@!@
@!@!@STARTMSG 2221:0 @!@!@
  line 1159, col 21 to line 1159, col 24 of module scheduler: 13376
@!@!@ENDMSG 2221 @!@!@
@!@!@STARTMSG 2221:0 @!@!@
  line 1160, col 21 to line 1160, col 54 of module scheduler: 13376
@!@!@ENDMSG 2221 @!@!@
@!@!@STARTMSG 2221:0 @!@!@
  line 1161, col 21 to line 1167, col 52 of module scheduler: 13376
@!@!@ENDMSG 2221 @!@!@
@!@!@STARTMSG 2772:0 @!@!@
<ListenerFutureStarted line 1179, col 1 to line 1179, col 27 of module scheduler>: 154:160
@!@!@ENDMSG 2772 @!@!@
@!@!@STARTMSG 2221:0 @!@!@
  line 1179, col 35 to line 1179, col 68 of module scheduler: 33785
@!@!@ENDMSG 2221 @!@!@
@!@!@STARTMSG 2221:0 @!@!@
  |line 1179, col 35 to line 1179, col 42 of module scheduler: 33625
@!@!@ENDMSG 2221 @!@!@
@!@!@STARTMSG 2221:0 @!@!@
  line 1180, col 35 to line 1180, col 59 of module scheduler: 1785
@!@!@ENDMSG 2221 @!@!@
@!@!@STARTMSG 2221:0 @!@!@
  |line 1180, col 35 to line 1180, col 47 of module scheduler: 1625
@!@!@ENDMSG 2221 @!@!@
@!@!@STARTMSG 2221:0 @!@!@
  |line 1180, col 51 to line 1180, col 59 of module scheduler: 1625
@!@!@ENDMSG 2221 @!@!@
@!@!@STARTMSG 2221:0 @!@!@
  line 1181, col 35 to line 1181, col 91 of module scheduler: 160
@!@!@ENDMSG 2221 @!@!@
@!@!@STARTMSG 2221:0 @!@!@
  line 1182, col 35 to line 1182, col 97 of module scheduler: 160
@!@!@ENDMSG 2221 @!@!@
@!@!@STARTMSG 2221:0 @!@!@
  line 1183, col 35 to line 1192, col 56 of module scheduler: 160
@!@!@ENDMSG 2221 @!@!@
@!@!@STARTMSG 2772:0 @!@!@
<ListenerFutureSocketCreatedReturn line 1194, col 1 to line 1194, col 39 of module scheduler>: 157:160
@!@!@ENDMSG 2772 @!@!@
@!@!@STARTMSG 2221:0 @!@!@
  line 1194, col 47 to line 1194, col 92 of module scheduler: 33785
@!@!@ENDMSG 2221 @!@!@
@!@!@STARTMSG 2221:0 @!@!@
  |line 1194, col 47 to line 1194, col 54 of module scheduler: 33625
@!@!@ENDMSG 2221 @!@!@
@!@!@STARTMSG 2221:0 @!@!@
  line 1195, col 47 to line 1195, col 95 of module scheduler: 160
@!@!@ENDMSG 2221 @!@!@
@!@!@STARTMSG 2221:0 @!@!@
  line 1196, col 47 to line 1196, col 80 of module scheduler: 160
@!@!@ENDMSG 2221 @!@!@
@!@!@STARTMSG 2221:0 @!@!@
  line 1197, col 47 to line 1213, col 78 of module scheduler: 160
@!@!@ENDMSG 2221 @!@!@
@!@!@STARTMSG 2772:0 @!@!@
<KEntry line 1218, col 1 to line 1218, col 6 of module scheduler>: 3:16813
@!@!@ENDMSG 2772 @!@!@
@!@!@STARTMSG 2221:0 @!@!@
  line 1218, col 14 to line 1218, col 43 of module scheduler: 50438
@!@!@ENDMSG 2221 @!@!@
@!@!@STARTMSG 2221:0 @!@!@
  |line 1218, col 14 to line 1218, col 32 of module scheduler: 33625
@!@!@ENDMSG 2221 @!@!@
@!@!@STARTMSG 2221:0 @!@!@
  line 1219, col 14 to line 1219, col 17 of module scheduler: 16813
@!@!@ENDMSG 2221 @!@!@
@!@!@STARTMSG 2221:0 @!@!@
  line 1220, col 14 to line 1220, col 58 of module scheduler: 16813
@!@!@ENDMSG 2221 @!@!@
@!@!@STARTMSG 2221:0 @!@!@
  line 1221, col 14 to line 1226, col 60 of module scheduler: 16813
@!@!@ENDMSG 2221 @!@!@
@!@!@STARTMSG 2772:0 @!@!@
<Terminating line 1231, col 1 to line 1231, col 11 of module scheduler>: 0:4
@!@!@ENDMSG 2772 @!@!@
@!@!@STARTMSG 2221:0 @!@!@
  line 1231, col 40 to line 1231, col 56 of module scheduler: 91407
@!@!@ENDMSG 2221 @!@!@
@!@!@STARTMSG 2221:0 @!@!@
  |line 1231, col 40 to line 1231, col 47 of module scheduler: 91379
@!@!@ENDMSG 2221 @!@!@
@!@!@STARTMSG 2221:0 @!@!@
  line 1231, col 31 to line 1231, col 37 of module scheduler: 33625
@!@!@ENDMSG 2221 @!@!@
@!@!@STARTMSG 2221:0 @!@!@
  line 1232, col 19 to line 1232, col 32 of module scheduler: 4
@!@!@ENDMSG 2221 @!@!@
@!@!@STARTMSG 2774:0 @!@!@
<TypeInvariant line 433, col 1 to line 433, col 13 of module scheduler>
@!@!@ENDMSG 2774 @!@!@
@!@!@STARTMSG 2221:0 @!@!@
  line 434, col 5 to line 446, col 36 of module scheduler: 33624
@!@!@ENDMSG 2221 @!@!@
@!@!@STARTMSG 2202:0 @!@!@
End of statistics.
@!@!@ENDMSG 2202 @!@!@
@!@!@STARTMSG 2200:0 @!@!@
Progress(73) at 2025-06-14 22:31:56: 131,953 states generated (197,106 s/min), 33,624 distinct states found (50,226 ds/min), 0 states left on queue.
@!@!@ENDMSG 2200 @!@!@
@!@!@STARTMSG 2199:0 @!@!@
131953 states generated, 33624 distinct states found, 0 states left on queue.
@!@!@ENDMSG 2199 @!@!@
@!@!@STARTMSG 2194:0 @!@!@
The depth of the complete state graph search is 73.
@!@!@ENDMSG 2194 @!@!@
@!@!@STARTMSG 2268:0 @!@!@
The average outdegree of the complete state graph is 1 (minimum is 0, the maximum 5 and the 95th percentile is 3).
@!@!@ENDMSG 2268 @!@!@
@!@!@STARTMSG 2186:0 @!@!@
Finished in 40176ms at (2025-06-14 22:31:56)
@!@!@ENDMSG 2186 @!@!@
